Archive member included to satisfy reference by file (symbol)

/usr/lib/gcc/arm-none-eabi/10.3.0/thumb/v6-m/nofp/libgcc.a(_udivsi3.o)
                              build/nanos/obj/base58.o (__aeabi_uidiv)
/usr/lib/gcc/arm-none-eabi/10.3.0/thumb/v6-m/nofp/libgcc.a(_divsi3.o)
                              build/nanos/obj/base58.o (__aeabi_idiv)
/usr/lib/gcc/arm-none-eabi/10.3.0/thumb/v6-m/nofp/libgcc.a(_dvmd_tls.o)
                              /usr/lib/gcc/arm-none-eabi/10.3.0/thumb/v6-m/nofp/libgcc.a(_udivsi3.o) (__aeabi_idiv0)
/usr/lib/gcc/arm-none-eabi/10.3.0/thumb/v6-m/nofp/libgcc.a(_ashldi3.o)
                              build/nanos/obj/signTransactionParse.o (__aeabi_llsl)
/usr/lib/gcc/arm-none-eabi/10.3.0/thumb/v6-m/nofp/libgcc.a(_aeabi_ldivmod.o)
                              build/nanos/obj/format.o (__aeabi_ldivmod)
/usr/lib/gcc/arm-none-eabi/10.3.0/thumb/v6-m/nofp/libgcc.a(_aeabi_uldivmod.o)
                              build/nanos/obj/format.o (__aeabi_uldivmod)
/usr/lib/gcc/arm-none-eabi/10.3.0/thumb/v6-m/nofp/libgcc.a(_muldi3.o)
                              build/nanos/obj/format.o (__aeabi_lmul)
/usr/lib/gcc/arm-none-eabi/10.3.0/thumb/v6-m/nofp/libgcc.a(_udivmoddi4.o)
                              /usr/lib/gcc/arm-none-eabi/10.3.0/thumb/v6-m/nofp/libgcc.a(_aeabi_uldivmod.o) (__udivmoddi4)
/usr/lib/gcc/arm-none-eabi/10.3.0/thumb/v6-m/nofp/libgcc.a(bpabi.o)
                              /usr/lib/gcc/arm-none-eabi/10.3.0/thumb/v6-m/nofp/libgcc.a(_aeabi_ldivmod.o) (__gnu_ldivmod_helper)
/usr/lib/gcc/arm-none-eabi/10.3.0/thumb/v6-m/nofp/libgcc.a(_lshrdi3.o)
                              /usr/lib/gcc/arm-none-eabi/10.3.0/thumb/v6-m/nofp/libgcc.a(_udivmoddi4.o) (__aeabi_llsr)
/usr/lib/gcc/arm-none-eabi/10.3.0/thumb/v6-m/nofp/libgcc.a(_clzdi2.o)
                              /usr/lib/gcc/arm-none-eabi/10.3.0/thumb/v6-m/nofp/libgcc.a(_udivmoddi4.o) (__clzdi2)
/usr/lib/gcc/arm-none-eabi/10.3.0/thumb/v6-m/nofp/libgcc.a(_divdi3.o)
                              /usr/lib/gcc/arm-none-eabi/10.3.0/thumb/v6-m/nofp/libgcc.a(bpabi.o) (__divdi3)
/usr/lib/gcc/arm-none-eabi/10.3.0/thumb/v6-m/nofp/libgcc.a(_clzsi2.o)
                              /usr/lib/gcc/arm-none-eabi/10.3.0/thumb/v6-m/nofp/libgcc.a(_clzdi2.o) (__clzsi2)
/usr/lib/gcc/arm-none-eabi/10.3.0/../../../../arm-none-eabi/lib/thumb/v6-m/nofp/libc_nano.a(lib_a-aeabi_memclr.o)
                              build/nanos/obj/bip32.o (__aeabi_memclr)
/usr/lib/gcc/arm-none-eabi/10.3.0/../../../../arm-none-eabi/lib/thumb/v6-m/nofp/libc_nano.a(lib_a-aeabi_memcpy.o)
                              build/nanos/obj/base58.o (__aeabi_memcpy)
/usr/lib/gcc/arm-none-eabi/10.3.0/../../../../arm-none-eabi/lib/thumb/v6-m/nofp/libc_nano.a(lib_a-aeabi_memmove.o)
                              build/nanos/obj/buffer.o (__aeabi_memmove)
/usr/lib/gcc/arm-none-eabi/10.3.0/../../../../arm-none-eabi/lib/thumb/v6-m/nofp/libc_nano.a(lib_a-aeabi_memset.o)
                              build/nanos/obj/base58.o (__aeabi_memset)
/usr/lib/gcc/arm-none-eabi/10.3.0/../../../../arm-none-eabi/lib/thumb/v6-m/nofp/libc_nano.a(lib_a-explicit_bzero.o)
                              build/nanos/obj/app_main.o (explicit_bzero)
/usr/lib/gcc/arm-none-eabi/10.3.0/../../../../arm-none-eabi/lib/thumb/v6-m/nofp/libc_nano.a(lib_a-memcmp.o)
                              build/nanos/obj/diffieHellman.o (memcmp)
/usr/lib/gcc/arm-none-eabi/10.3.0/../../../../arm-none-eabi/lib/thumb/v6-m/nofp/libc_nano.a(lib_a-memcpy-stub.o)
                              /usr/lib/gcc/arm-none-eabi/10.3.0/../../../../arm-none-eabi/lib/thumb/v6-m/nofp/libc_nano.a(lib_a-aeabi_memcpy.o) (memcpy)
/usr/lib/gcc/arm-none-eabi/10.3.0/../../../../arm-none-eabi/lib/thumb/v6-m/nofp/libc_nano.a(lib_a-memmove.o)
                              /usr/lib/gcc/arm-none-eabi/10.3.0/../../../../arm-none-eabi/lib/thumb/v6-m/nofp/libc_nano.a(lib_a-aeabi_memmove.o) (memmove)
/usr/lib/gcc/arm-none-eabi/10.3.0/../../../../arm-none-eabi/lib/thumb/v6-m/nofp/libc_nano.a(lib_a-memset.o)
                              /usr/lib/gcc/arm-none-eabi/10.3.0/../../../../arm-none-eabi/lib/thumb/v6-m/nofp/libc_nano.a(lib_a-aeabi_memset.o) (memset)
/usr/lib/gcc/arm-none-eabi/10.3.0/../../../../arm-none-eabi/lib/thumb/v6-m/nofp/libc_nano.a(lib_a-setjmp.o)
                              build/nanos/obj/app_main.o (setjmp)
/usr/lib/gcc/arm-none-eabi/10.3.0/../../../../arm-none-eabi/lib/thumb/v6-m/nofp/libc_nano.a(lib_a-strlen-stub.o)
                              build/nanos/obj/bip32.o (strlen)
/usr/lib/gcc/arm-none-eabi/10.3.0/../../../../arm-none-eabi/lib/thumb/v6-m/nofp/libc_nano.a(lib_a-strncpy.o)
                              build/nanos/obj/format.o (strncpy)
/usr/lib/gcc/arm-none-eabi/10.3.0/../../../../arm-none-eabi/lib/thumb/v6-m/nofp/libc_nano.a(lib_a-strnlen.o)
                              build/nanos/obj/signTransaction.o (strnlen)
/usr/lib/gcc/arm-none-eabi/10.3.0/../../../../arm-none-eabi/lib/thumb/v6-m/nofp/libc_nano.a(lib_a-bzero.o)
[...]
Memory Configuration

Name             Origin             Length             Attributes
DISCARD          0x00000000d0000000 0x0000000000100000 xrw
FLASH            0x00000000c0d00000 0x0000000000064000 xr
SRAM             0x0000000020000200 0x0000000000001200 xrw
CXSRAM           0x0000000020001400 0x0000000000000400 xrw
*default*        0x0000000000000000 0xffffffffffffffff

Linker script and memory map

LOAD build/nanos/obj/app_main.o
LOAD build/nanos/obj/assert.o
LOAD build/nanos/obj/bagl.o
LOAD build/nanos/obj/bagl_fonts.o
LOAD build/nanos/obj/bagl_glyphs.o
LOAD build/nanos/obj/base58.o
LOAD build/nanos/obj/bip32.o
LOAD build/nanos/obj/bip44.o
LOAD build/nanos/obj/bip44_test.o
LOAD build/nanos/obj/buffer.o
LOAD build/nanos/obj/checks.o
LOAD build/nanos/obj/crypto_helpers.o
LOAD build/nanos/obj/cx_stubs.o
LOAD build/nanos/obj/decodeDH.o
LOAD build/nanos/obj/diffieHellman.o
LOAD build/nanos/obj/diffieHellmann_test.o
LOAD build/nanos/obj/eos_utils.o
LOAD build/nanos/obj/fio.o
LOAD build/nanos/obj/format.o
LOAD build/nanos/obj/getPublicKey.o
LOAD build/nanos/obj/getSerial.o
LOAD build/nanos/obj/getVersion.o
LOAD build/nanos/obj/glyphs.o
LOAD build/nanos/obj/handlers.o
LOAD build/nanos/obj/hexUtils.o
LOAD build/nanos/obj/io.o
LOAD build/nanos/obj/io2.o
LOAD build/nanos/obj/keyDerivation.o
LOAD build/nanos/obj/keyDerivation_test.o
LOAD build/nanos/obj/ledger_protocol.o
LOAD build/nanos/obj/main.o
LOAD build/nanos/obj/menu_nanos.o
LOAD build/nanos/obj/menu_nanox.o
LOAD build/nanos/obj/os.o
LOAD build/nanos/obj/os_io_seproxyhal.o
LOAD build/nanos/obj/os_io_task.o
LOAD build/nanos/obj/os_io_usb.o
LOAD build/nanos/obj/os_printf.o
LOAD build/nanos/obj/parser.o
LOAD build/nanos/obj/pic.o
LOAD build/nanos/obj/read.o
LOAD build/nanos/obj/runTests.o
LOAD build/nanos/obj/securityPolicy.o
LOAD build/nanos/obj/signTransaction.o
LOAD build/nanos/obj/signTransactionCountedSection.o
LOAD build/nanos/obj/signTransactionCountedSection_test.o
LOAD build/nanos/obj/signTransactionIntegrity.o
LOAD build/nanos/obj/signTransactionIntegrity_test.o
LOAD build/nanos/obj/signTransactionParse.o
LOAD build/nanos/obj/state.o
LOAD build/nanos/obj/svc_call.o
LOAD build/nanos/obj/svc_cx_call.o
LOAD build/nanos/obj/syscalls.o
LOAD build/nanos/obj/textUtils.o
LOAD build/nanos/obj/textUtils_test.o
LOAD build/nanos/obj/u2f_impl.o
LOAD build/nanos/obj/u2f_io.o
LOAD build/nanos/obj/uiHelpers.o
LOAD build/nanos/obj/uiHelpers_nanos.o
LOAD build/nanos/obj/uiHelpers_nanox.o
LOAD build/nanos/obj/uiScreens.o
LOAD build/nanos/obj/usbd_ccid_cmd.o
LOAD build/nanos/obj/usbd_ccid_core.o
LOAD build/nanos/obj/usbd_ccid_if.o
LOAD build/nanos/obj/usbd_conf.o
LOAD build/nanos/obj/usbd_core.o
LOAD build/nanos/obj/usbd_ctlreq.o
LOAD build/nanos/obj/usbd_hid.o
LOAD build/nanos/obj/usbd_impl.o
LOAD build/nanos/obj/usbd_ioreq.o
LOAD build/nanos/obj/ux_flow_engine.o
LOAD build/nanos/obj/ux_layout_bb.o
LOAD build/nanos/obj/ux_layout_bn.o
LOAD build/nanos/obj/ux_layout_bnn.o
LOAD build/nanos/obj/ux_layout_bnnn.o
LOAD build/nanos/obj/ux_layout_nn.o
LOAD build/nanos/obj/ux_layout_nnbnn.o
LOAD build/nanos/obj/ux_layout_nnn.o
LOAD build/nanos/obj/ux_layout_nnnn.o
LOAD build/nanos/obj/ux_layout_paging.o
LOAD build/nanos/obj/ux_layout_paging_compute.o
LOAD build/nanos/obj/ux_layout_pb.o
LOAD build/nanos/obj/ux_layout_pbb.o
LOAD build/nanos/obj/ux_layout_pbn.o
LOAD build/nanos/obj/ux_layout_pn.o
LOAD build/nanos/obj/ux_layout_pnn.o
LOAD build/nanos/obj/ux_layout_utils.o
LOAD build/nanos/obj/ux_legacy.o
LOAD build/nanos/obj/ux_menulist.o
LOAD build/nanos/obj/ux_stack.o
LOAD build/nanos/obj/varint.o
LOAD build/nanos/obj/write.o
LOAD /usr/lib/gcc/arm-none-eabi/10.3.0/../../../../arm-none-eabi/lib/thumb/v6-m/nofp/libm.a
LOAD /usr/lib/gcc/arm-none-eabi/10.3.0/thumb/v6-m/nofp/libgcc.a
LOAD /usr/lib/gcc/arm-none-eabi/10.3.0/../../../../arm-none-eabi/lib/thumb/v6-m/nofp/libc_nano.a
START GROUP
LOAD /usr/lib/gcc/arm-none-eabi/10.3.0/thumb/v6-m/nofp/libgcc.a
LOAD /usr/lib/gcc/arm-none-eabi/10.3.0/../../../../arm-none-eabi/lib/thumb/v6-m/nofp/libg_nano.a
LOAD /usr/lib/gcc/arm-none-eabi/10.3.0/../../../../arm-none-eabi/lib/thumb/v6-m/nofp/libc_nano.a
END GROUP
START GROUP
LOAD /usr/lib/gcc/arm-none-eabi/10.3.0/thumb/v6-m/nofp/libgcc.a
LOAD /usr/lib/gcc/arm-none-eabi/10.3.0/../../../../arm-none-eabi/lib/thumb/v6-m/nofp/libc_nano.a
END GROUP
                0x0000000000000040                PAGE_SIZE = 0x40
                0x0000000000000400                STACK_SIZE = DEFINED (stack_size)?stack_size:0x400
                0x0000000020001400                END_STACK = (ORIGIN (SRAM) + LENGTH (SRAM))

.text           0x00000000c0d00000     0x9c80
                0x00000000c0d00000                _text = .
                0x00000000c0d00000                _nvram_start = .
 *(.boot*)
 .boot          0x00000000c0d00000       0x98 build/nanos/obj/main.o
                0x00000000c0d00000                main
 *(.text*)
 .text.ui_idle  0x00000000c0d00098       0x24 build/nanos/obj/app_main.o
                0x00000000c0d00098                ui_idle
 .text.app_main
                0x00000000c0d000bc      0x1a4 build/nanos/obj/app_main.o
                0x00000000c0d000bc                app_main
 .text.assert   0x00000000c0d00260        0xe build/nanos/obj/assert.o
                0x00000000c0d00260                assert
 *fill*         0x00000000c0d0026e        0x2 00
 .text.bip44_parseFromWire
                0x00000000c0d00270       0x48 build/nanos/obj/bip44.o
                0x00000000c0d00270                bip44_parseFromWire
 .text.bip44_hasValidFIOPrefix
                0x00000000c0d002b8       0x34 build/nanos/obj/bip44.o
                0x00000000c0d002b8                bip44_hasValidFIOPrefix
 .text.bip44_containsAddress
                0x00000000c0d002ec        0xe build/nanos/obj/bip44.o
                0x00000000c0d002ec                bip44_containsAddress
 *fill*         0x00000000c0d002fa        0x2 00
 .text.bip44_getAddressValue
                0x00000000c0d002fc       0x20 build/nanos/obj/bip44.o
                0x00000000c0d002fc                bip44_getAddressValue
 .text.bip44_hasReasonableAddress
                0x00000000c0d0031c       0x20 build/nanos/obj/bip44.o
                0x00000000c0d0031c                bip44_hasReasonableAddress
 .text.bip44_containsMoreThanAddress
                0x00000000c0d0033c        0xe build/nanos/obj/bip44.o
                0x00000000c0d0033c                bip44_containsMoreThanAddress
 *fill*         0x00000000c0d0034a        0x2 00
 .text.bip44_printToStr
                0x00000000c0d0034c      0x158 build/nanos/obj/bip44.o
                0x00000000c0d0034c                bip44_printToStr
 .text.cx_aes_dec_block
                0x00000000c0d004a4        0xc build/nanos/obj/cx_stubs.o
                0x00000000c0d004a4                cx_aes_dec_block
 .text.cx_aes_enc_block
                0x00000000c0d004b0        0xc build/nanos/obj/cx_stubs.o
                0x00000000c0d004b0                cx_aes_enc_block
 .text.cx_aes_init_key_no_throw
                0x00000000c0d004bc        0xc build/nanos/obj/cx_stubs.o
                0x00000000c0d004bc                cx_aes_init_key_no_throw
 .text.cx_ecdh_no_throw
                0x00000000c0d004c8        0xc build/nanos/obj/cx_stubs.o
                0x00000000c0d004c8                cx_ecdh_no_throw
 .text.cx_ecdsa_sign_no_throw
                0x00000000c0d004d4        0xc build/nanos/obj/cx_stubs.o
                0x00000000c0d004d4                cx_ecdsa_sign_no_throw
 .text.cx_ecfp_generate_pair_no_throw
                0x00000000c0d004e0        0xc build/nanos/obj/cx_stubs.o
                0x00000000c0d004e0                cx_ecfp_generate_pair_no_throw
 .text.cx_ecfp_init_private_key_no_throw
                0x00000000c0d004ec        0xc build/nanos/obj/cx_stubs.o
                0x00000000c0d004ec                cx_ecfp_init_private_key_no_throw
 .text.cx_ecfp_init_public_key_no_throw
                0x00000000c0d004f8        0xc build/nanos/obj/cx_stubs.o
                0x00000000c0d004f8                cx_ecfp_init_public_key_no_throw
 .text.cx_hash_get_size
                0x00000000c0d00504        0xc build/nanos/obj/cx_stubs.o
                0x00000000c0d00504                cx_hash_get_size
 .text.cx_hash_no_throw
                0x00000000c0d00510        0xc build/nanos/obj/cx_stubs.o
                0x00000000c0d00510                cx_hash_no_throw
 .text.cx_hmac_final
                0x00000000c0d0051c        0xc build/nanos/obj/cx_stubs.o
                0x00000000c0d0051c                cx_hmac_final
 .text.cx_hmac_no_throw
                0x00000000c0d00528        0xc build/nanos/obj/cx_stubs.o
                0x00000000c0d00528                cx_hmac_no_throw
 .text.cx_hmac_sha256_init_no_throw
                0x00000000c0d00534        0xc build/nanos/obj/cx_stubs.o
                0x00000000c0d00534                cx_hmac_sha256_init_no_throw
 .text.cx_hmac_update
                0x00000000c0d00540        0xc build/nanos/obj/cx_stubs.o
                0x00000000c0d00540                cx_hmac_update
 .text.cx_ripemd160_init_no_throw
                0x00000000c0d0054c        0xc build/nanos/obj/cx_stubs.o
                0x00000000c0d0054c                cx_ripemd160_init_no_throw
 .text.cx_rng_no_throw
                0x00000000c0d00558        0xc build/nanos/obj/cx_stubs.o
                0x00000000c0d00558                cx_rng_no_throw
 .text.cx_sha256_init_no_throw
                0x00000000c0d00564        0xc build/nanos/obj/cx_stubs.o
                0x00000000c0d00564                cx_sha256_init_no_throw
 .text.cx_sha512_init_no_throw
                0x00000000c0d00570        0xc build/nanos/obj/cx_stubs.o
                0x00000000c0d00570                cx_sha512_init_no_throw
 .text.cx_x448  0x00000000c0d0057c       0x14 build/nanos/obj/cx_stubs.o
                0x00000000c0d0057c                cx_x448
 .text.decode_handleAPDU
                0x00000000c0d00590      0x3e4 build/nanos/obj/decodeDH.o
                0x00000000c0d00590                decode_handleAPDU
 .text.CHECK_STAGE
                0x00000000c0d00974       0x1c build/nanos/obj/decodeDH.o
 .text.readStringWithLength
                0x00000000c0d00990       0x34 build/nanos/obj/decodeDH.o
 .text.readOptionalStringWithLength
                0x00000000c0d009c4       0x3c build/nanos/obj/decodeDH.o
 .text.decodeNewfundsreqMemo_ui_runStep
                0x00000000c0d00a00      0x184 build/nanos/obj/decodeDH.o
 .text.dh_respond_with_user_reject
                0x00000000c0d00b84       0x38 build/nanos/obj/decodeDH.o
 .text.decodeNewfundsreqHash_ui_runStep
                0x00000000c0d00bbc      0x1d0 build/nanos/obj/decodeDH.o
 .text.decodeRecordobtMemo_ui_runStep
                0x00000000c0d00d8c      0x228 build/nanos/obj/decodeDH.o
 .text.decodeRecordobtHash_ui_runStep
                0x00000000c0d00fb4      0x268 build/nanos/obj/decodeDH.o
 .text.dh_init_aes_key
                0x00000000c0d0121c      0x1bc build/nanos/obj/diffieHellman.o
                0x00000000c0d0121c                dh_init_aes_key
 .text.dh_encode_init
                0x00000000c0d013d8       0xd8 build/nanos/obj/diffieHellman.o
                0x00000000c0d013d8                dh_encode_init
 .text.base64EncWholeBlocks
                0x00000000c0d014b0       0x60 build/nanos/obj/diffieHellman.o
 .text.dh_encode_append
                0x00000000c0d01510       0xc0 build/nanos/obj/diffieHellman.o
                0x00000000c0d01510                dh_encode_append
 .text.processDHOneBlockFromCache
                0x00000000c0d015d0       0xc4 build/nanos/obj/diffieHellman.o
 .text.dh_encode_finalize
                0x00000000c0d01694      0x164 build/nanos/obj/diffieHellman.o
                0x00000000c0d01694                dh_encode_finalize
 .text.base64EncBlock
                0x00000000c0d017f8       0x40 build/nanos/obj/diffieHellman.o
 .text.dh_decode
                0x00000000c0d01838       0xf0 build/nanos/obj/diffieHellman.o
                0x00000000c0d01838                dh_decode
 .text.validateHmac
                0x00000000c0d01928       0xa0 build/nanos/obj/diffieHellman.o
 .text.cx_hash  0x00000000c0d019c8       0x22 build/nanos/obj/diffieHellman.o
 .text.check_canonical
                0x00000000c0d019ea       0x36 build/nanos/obj/eos_utils.o
                0x00000000c0d019ea                check_canonical
 .text.ecdsa_der_to_sig
                0x00000000c0d01a20       0x78 build/nanos/obj/eos_utils.o
                0x00000000c0d01a20                ecdsa_der_to_sig
 .text.rng_rfc6979
                0x00000000c0d01a98      0x18c build/nanos/obj/eos_utils.o
                0x00000000c0d01a98                rng_rfc6979
 .text.cx_hmac_sha256_init
                0x00000000c0d01c24       0x12 build/nanos/obj/eos_utils.o
 .text.cx_hmac  0x00000000c0d01c36       0x30 build/nanos/obj/eos_utils.o
 *fill*         0x00000000c0d01c66        0x2 00
 .text.b58enc   0x00000000c0d01c68      0x184 build/nanos/obj/eos_utils.o
                0x00000000c0d01c68                b58enc
 .text.compressed_public_key_to_wif
                0x00000000c0d01dec       0xf0 build/nanos/obj/eos_utils.o
                0x00000000c0d01dec                compressed_public_key_to_wif
 .text.public_key_to_wif
                0x00000000c0d01edc       0x74 build/nanos/obj/eos_utils.o
                0x00000000c0d01edc                public_key_to_wif
 .text.getNetworkByChainId
                0x00000000c0d01f50       0x48 build/nanos/obj/fio.o
                0x00000000c0d01f50                getNetworkByChainId
 .text.name_to_string
                0x00000000c0d01f98       0xb0 build/nanos/obj/fio.o
                0x00000000c0d01f98                name_to_string
 .text.uint8array_name_to_string
                0x00000000c0d02048       0x4c build/nanos/obj/fio.o
                0x00000000c0d02048                uint8array_name_to_string
 .text.getPublicKey_handleAPDU
                0x00000000c0d02094       0xe4 build/nanos/obj/getPublicKey.o
                0x00000000c0d02094                getPublicKey_handleAPDU
 .text.getPublicKey_ui_runStep
                0x00000000c0d02178      0x12c build/nanos/obj/getPublicKey.o
 .text.getSerial_handleAPDU
                0x00000000c0d022a4       0x48 build/nanos/obj/getSerial.o
                0x00000000c0d022a4                getSerial_handleAPDU
 .text.getVersion_handleAPDU
                0x00000000c0d022ec       0x3c build/nanos/obj/getVersion.o
                0x00000000c0d022ec                getVersion_handleAPDU
 .text.lookupHandler
                0x00000000c0d02328       0x4c build/nanos/obj/handlers.o
                0x00000000c0d02328                lookupHandler
 .text.encode_hex
                0x00000000c0d02374       0x8c build/nanos/obj/hexUtils.o
                0x00000000c0d02374                encode_hex
 .text.nanos_clear_timer
                0x00000000c0d02400        0xc build/nanos/obj/io2.o
                0x00000000c0d02400                nanos_clear_timer
 .text.CHECK_RESPONSE_SIZE
                0x00000000c0d0240c       0x38 build/nanos/obj/io2.o
                0x00000000c0d0240c                CHECK_RESPONSE_SIZE
 .text._io_send_G_io_apdu_buffer
                0x00000000c0d02444       0x34 build/nanos/obj/io2.o
                0x00000000c0d02444                _io_send_G_io_apdu_buffer
 .text.io_send_buf
                0x00000000c0d02478       0x28 build/nanos/obj/io2.o
                0x00000000c0d02478                io_send_buf
 .text.io_seproxyhal_display
                0x00000000c0d024a0        0x8 build/nanos/obj/io2.o
                0x00000000c0d024a0                io_seproxyhal_display
 .text.io_event
                0x00000000c0d024a8      0x5fc build/nanos/obj/io2.o
                0x00000000c0d024a8                io_event
 .text.io_exchange_al
                0x00000000c0d02aa4       0x44 build/nanos/obj/io2.o
                0x00000000c0d02aa4                io_exchange_al
 .text.device_is_unlocked
                0x00000000c0d02ae8        0xe build/nanos/obj/io2.o
                0x00000000c0d02ae8                device_is_unlocked
 *fill*         0x00000000c0d02af6        0x2 00
 .text.derivePrivateKey
                0x00000000c0d02af8       0x98 build/nanos/obj/keyDerivation.o
                0x00000000c0d02af8                derivePrivateKey
 .text.derivePublicKey
                0x00000000c0d02b90       0x76 build/nanos/obj/keyDerivation.o
                0x00000000c0d02b90                derivePublicKey
 .text.app_exit
                0x00000000c0d02c06       0x40 build/nanos/obj/main.o
                0x00000000c0d02c06                app_exit
 .text.os_sched_exit_ui_callback
                0x00000000c0d02c46        0x6 build/nanos/obj/menu_nanos.o
                0x00000000c0d02c46                os_sched_exit_ui_callback
 .text.os_boot  0x00000000c0d02c4c        0xa build/nanos/obj/os.o
                0x00000000c0d02c4c                os_boot
 .text.os_longjmp
                0x00000000c0d02c56        0xc build/nanos/obj/os.o
                0x00000000c0d02c56                os_longjmp
 *fill*         0x00000000c0d02c62        0x2 00
 .text.io_seproxyhal_general_status
                0x00000000c0d02c64       0x14 build/nanos/obj/os_io_seproxyhal.o
                0x00000000c0d02c64                io_seproxyhal_general_status
 .text.io_seproxyhal_handle_usb_event
                0x00000000c0d02c78       0x64 build/nanos/obj/os_io_seproxyhal.o
                0x00000000c0d02c78                io_seproxyhal_handle_usb_event
 .text.io_seproxyhal_get_ep_rx_size
                0x00000000c0d02cdc       0x18 build/nanos/obj/os_io_seproxyhal.o
                0x00000000c0d02cdc                io_seproxyhal_get_ep_rx_size
 .text.io_seproxyhal_handle_usb_ep_xfer_event
                0x00000000c0d02cf4       0x64 build/nanos/obj/os_io_seproxyhal.o
                0x00000000c0d02cf4                io_seproxyhal_handle_usb_ep_xfer_event
 .text.io_usb_send_ep
                0x00000000c0d02d58       0x4c build/nanos/obj/os_io_seproxyhal.o
                0x00000000c0d02d58                io_usb_send_ep
 .text.io_usb_send_apdu_data
                0x00000000c0d02da4       0x10 build/nanos/obj/os_io_seproxyhal.o
                0x00000000c0d02da4                io_usb_send_apdu_data
 .text.io_usb_send_apdu_data_ep0x83
                0x00000000c0d02db4       0x10 build/nanos/obj/os_io_seproxyhal.o
                0x00000000c0d02db4                io_usb_send_apdu_data_ep0x83
 .text.io_seproxyhal_handle_capdu_event
                0x00000000c0d02dc4       0x3c build/nanos/obj/os_io_seproxyhal.o
                0x00000000c0d02dc4                io_seproxyhal_handle_capdu_event
 .text.io_seproxyhal_handle_event
                0x00000000c0d02e00       0x80 build/nanos/obj/os_io_seproxyhal.o
                0x00000000c0d02e00                io_seproxyhal_handle_event
 .text.io_seproxyhal_init
                0x00000000c0d02e80       0x30 build/nanos/obj/os_io_seproxyhal.o
                0x00000000c0d02e80                io_seproxyhal_init
 .text.io_seproxyhal_init_ux
                0x00000000c0d02eb0        0x2 build/nanos/obj/os_io_seproxyhal.o
                0x00000000c0d02eb0                io_seproxyhal_init_ux
 *fill*         0x00000000c0d02eb2        0x2 00
 .text.io_seproxyhal_init_button
                0x00000000c0d02eb4       0x10 build/nanos/obj/os_io_seproxyhal.o
                0x00000000c0d02eb4                io_seproxyhal_init_button
 .text.io_seproxyhal_display_icon
                0x00000000c0d02ec4       0x9c build/nanos/obj/os_io_seproxyhal.o
                0x00000000c0d02ec4                io_seproxyhal_display_icon
 .text.io_seproxyhal_display_default
                0x00000000c0d02f60       0x98 build/nanos/obj/os_io_seproxyhal.o
                0x00000000c0d02f60                io_seproxyhal_display_default
 .text.io_seproxyhal_button_push
                0x00000000c0d02ff8       0x60 build/nanos/obj/os_io_seproxyhal.o
                0x00000000c0d02ff8                io_seproxyhal_button_push
 .text.io_seproxyhal_se_reset
                0x00000000c0d03058       0x10 build/nanos/obj/os_io_seproxyhal.o
                0x00000000c0d03058                io_seproxyhal_se_reset
 .text.os_io_seproxyhal_get_app_name_and_version
                0x00000000c0d03068       0x44 build/nanos/obj/os_io_seproxyhal.o
                0x00000000c0d03068                os_io_seproxyhal_get_app_name_and_version
 .text.io_exchange
                0x00000000c0d030ac      0x218 build/nanos/obj/os_io_seproxyhal.o
                0x00000000c0d030ac                io_exchange
 .text.os_io_seph_recv_and_process
                0x00000000c0d032c4       0x40 build/nanos/obj/os_io_seproxyhal.o
                0x00000000c0d032c4                os_io_seph_recv_and_process
 .text.io_seproxyhal_io_heartbeat
                0x00000000c0d03304       0x2c build/nanos/obj/os_io_seproxyhal.o
                0x00000000c0d03304                io_seproxyhal_io_heartbeat
 .text.io_usb_hid_receive
                0x00000000c0d03330      0x148 build/nanos/obj/os_io_usb.o
                0x00000000c0d03330                io_usb_hid_receive
 .text.io_usb_hid_init
                0x00000000c0d03478       0x1c build/nanos/obj/os_io_usb.o
                0x00000000c0d03478                io_usb_hid_init
 .text.io_usb_hid_sent
                0x00000000c0d03494       0xb8 build/nanos/obj/os_io_usb.o
                0x00000000c0d03494                io_usb_hid_sent
 .text.io_usb_hid_send
                0x00000000c0d0354c       0x34 build/nanos/obj/os_io_usb.o
                0x00000000c0d0354c                io_usb_hid_send
 .text.snprintf
                0x00000000c0d03580      0x39c build/nanos/obj/os_printf.o
                0x00000000c0d03580                snprintf
 .text.pic_internal
                0x00000000c0d0391c       0x10 build/nanos/obj/pic.o
                0x00000000c0d0391c                pic_internal
 .text.pic      0x00000000c0d0392c       0x1c build/nanos/obj/pic.o
                0x00000000c0d0392c                pic
 .text.policyForGetPublicKey
                0x00000000c0d03948       0x3e build/nanos/obj/securityPolicy.o
                0x00000000c0d03948                policyForGetPublicKey
 .text.policyForSignTxInit
                0x00000000c0d03986       0x28 build/nanos/obj/securityPolicy.o
                0x00000000c0d03986                policyForSignTxInit
 .text.policyForSignTxDHEnd
                0x00000000c0d039ae        0x4 build/nanos/obj/securityPolicy.o
                0x00000000c0d039ae                policyForSignTxDHEnd
 .text.policyForSignTxFinish
                0x00000000c0d039b2        0x4 build/nanos/obj/securityPolicy.o
                0x00000000c0d039b2                policyForSignTxFinish
 .text.policyDerivePrivateKey
                0x00000000c0d039b6       0x28 build/nanos/obj/securityPolicy.o
                0x00000000c0d039b6                policyDerivePrivateKey
 .text.policyForDecodeDHDecode
                0x00000000c0d039de       0x28 build/nanos/obj/securityPolicy.o
                0x00000000c0d039de                policyForDecodeDHDecode
 *fill*         0x00000000c0d03a06        0x2 00
 .text.signTx_handleInitAPDU
                0x00000000c0d03a08      0x13c build/nanos/obj/signTransaction.o
                0x00000000c0d03a08                signTx_handleInitAPDU
 .text.ENSURE_NOT_DENIED
                0x00000000c0d03b44       0x14 build/nanos/obj/signTransaction.o
 .text.signTx_handleAppendConstDataAPDU
                0x00000000c0d03b58       0x70 build/nanos/obj/signTransaction.o
                0x00000000c0d03b58                signTx_handleAppendConstDataAPDU
 .text.signTx_handleShowMessageAPDU
                0x00000000c0d03bc8       0xa0 build/nanos/obj/signTransaction.o
                0x00000000c0d03bc8                signTx_handleShowMessageAPDU
 .text.signTx_handleAppendDataAPDU
                0x00000000c0d03c68      0x264 build/nanos/obj/signTransaction.o
                0x00000000c0d03c68                signTx_handleAppendDataAPDU
 .text.signTx_handleStartCountedSectionAPDU
                0x00000000c0d03ecc       0xa8 build/nanos/obj/signTransaction.o
                0x00000000c0d03ecc                signTx_handleStartCountedSectionAPDU
 .text.signTx_handleEndCountedSectionAPDU
                0x00000000c0d03f74       0x80 build/nanos/obj/signTransaction.o
                0x00000000c0d03f74                signTx_handleEndCountedSectionAPDU
 .text.signTx_handleStoreValueAPDU
                0x00000000c0d03ff4       0xe0 build/nanos/obj/signTransaction.o
                0x00000000c0d03ff4                signTx_handleStoreValueAPDU
 .text.signTx_handleStartDHEncodingAPDU
                0x00000000c0d040d4      0x190 build/nanos/obj/signTransaction.o
                0x00000000c0d040d4                signTx_handleStartDHEncodingAPDU
 .text.signTx_handleEndDHEncodingAPDU
                0x00000000c0d04264      0x158 build/nanos/obj/signTransaction.o
                0x00000000c0d04264                signTx_handleEndDHEncodingAPDU
 .text.signTx_handleFinishAPDU
                0x00000000c0d043bc      0x204 build/nanos/obj/signTransaction.o
                0x00000000c0d043bc                signTx_handleFinishAPDU
 .text.signTransaction_handleAPDU
                0x00000000c0d045c0      0x154 build/nanos/obj/signTransaction.o
                0x00000000c0d045c0                signTransaction_handleAPDU
 .text.cx_hash  0x00000000c0d04714       0x30 build/nanos/obj/signTransaction.o
 .text.signTx_ui_runStep_simple
                0x00000000c0d04744       0x68 build/nanos/obj/signTransaction.o
 .text.processShaAndPosibleDHAndPrepareResponse
                0x00000000c0d047ac      0x110 build/nanos/obj/signTransaction.o
 .text.signTx_handleDHStart_ui_runStep
                0x00000000c0d048bc       0x74 build/nanos/obj/signTransaction.o
 .text.prepareOurPubkeyForDisplay
                0x00000000c0d04930       0x54 build/nanos/obj/signTransaction.o
 .text.signTx_handleDHEnd_ui_runStep
                0x00000000c0d04984       0x7c build/nanos/obj/signTransaction.o
 .text.signTx_handleFinish_ui_runStep
                0x00000000c0d04a00       0xa8 build/nanos/obj/signTransaction.o
 .text.countedSectionInit
                0x00000000c0d04aa8       0x14 build/nanos/obj/signTransactionCountedSection.o
                0x00000000c0d04aa8                countedSectionInit
 .text.countedSectionBegin
                0x00000000c0d04abc       0x40 build/nanos/obj/signTransactionCountedSection.o
                0x00000000c0d04abc                countedSectionBegin
 .text.countedSectionProcess
                0x00000000c0d04afc       0x60 build/nanos/obj/signTransactionCountedSection.o
                0x00000000c0d04afc                countedSectionProcess
 .text.countedSectionEnd
                0x00000000c0d04b5c       0x54 build/nanos/obj/signTransactionCountedSection.o
                0x00000000c0d04b5c                countedSectionEnd
 .text.countedSectionFinalize
                0x00000000c0d04bb0       0x28 build/nanos/obj/signTransactionCountedSection.o
                0x00000000c0d04bb0                countedSectionFinalize
 .text.integrityCheckInit
                0x00000000c0d04bd8       0x14 build/nanos/obj/signTransactionIntegrity.o
                0x00000000c0d04bd8                integrityCheckInit
 .text.integrityCheckProcessInstruction
                0x00000000c0d04bec      0x14c build/nanos/obj/signTransactionIntegrity.o
                0x00000000c0d04bec                integrityCheckProcessInstruction
 .text._integrityCheckEvaluate
                0x00000000c0d04d38       0x4c build/nanos/obj/signTransactionIntegrity.o
                0x00000000c0d04d38                _integrityCheckEvaluate
 .text.integrityCheckEvaluate
                0x00000000c0d04d84       0x14 build/nanos/obj/signTransactionIntegrity.o
                0x00000000c0d04d84                integrityCheckEvaluate
 .text.cx_hash  0x00000000c0d04d98       0x22 build/nanos/obj/signTransactionIntegrity.o
 *fill*         0x00000000c0d04dba        0x2 00
 .text.bufferValidation
                0x00000000c0d04dbc       0x44 build/nanos/obj/signTransactionParse.o
                0x00000000c0d04dbc                bufferValidation
 .text.parseValueToUInt64
                0x00000000c0d04e00       0xe0 build/nanos/obj/signTransactionParse.o
                0x00000000c0d04e00                parseValueToUInt64
 .text.parseUInt64
                0x00000000c0d04ee0       0x40 build/nanos/obj/signTransactionParse.o
 .text.validateNumber
                0x00000000c0d04f20       0x28 build/nanos/obj/signTransactionParse.o
 .text.parseVarUInt32
                0x00000000c0d04f48       0x20 build/nanos/obj/signTransactionParse.o
 .text.parseValueToDisplay
                0x00000000c0d04f68      0x3a0 build/nanos/obj/signTransactionParse.o
                0x00000000c0d04f68                parseValueToDisplay
 .text.displayNumber
                0x00000000c0d05308       0x2c build/nanos/obj/signTransactionParse.o
 .text.getNumberFromVarUInt
                0x00000000c0d05334       0x70 build/nanos/obj/signTransactionParse.o
 .text          0x00000000c0d053a4        0xe build/nanos/obj/svc_call.o
                0x00000000c0d053a4                SVC_Call
 *fill*         0x00000000c0d053b2        0x2 00
 .text.get_api_level
                0x00000000c0d053b4       0x18 build/nanos/obj/syscalls.o
                0x00000000c0d053b4                get_api_level
 .text.halt     0x00000000c0d053cc       0x14 build/nanos/obj/syscalls.o
                0x00000000c0d053cc                halt
 .text.os_perso_isonboarded
                0x00000000c0d053e0       0x18 build/nanos/obj/syscalls.o
                0x00000000c0d053e0                os_perso_isonboarded
 .text.os_perso_derive_node_bip32
                0x00000000c0d053f8       0x20 build/nanos/obj/syscalls.o
                0x00000000c0d053f8                os_perso_derive_node_bip32
 .text.os_perso_seed_cookie
                0x00000000c0d05418       0x18 build/nanos/obj/syscalls.o
                0x00000000c0d05418                os_perso_seed_cookie
 .text.os_global_pin_is_validated
                0x00000000c0d05430       0x18 build/nanos/obj/syscalls.o
                0x00000000c0d05430                os_global_pin_is_validated
 .text.os_ux    0x00000000c0d05448       0x18 build/nanos/obj/syscalls.o
                0x00000000c0d05448                os_ux
 .text.os_flags
                0x00000000c0d05460       0x14 build/nanos/obj/syscalls.o
                0x00000000c0d05460                os_flags
 .text.os_serial
                0x00000000c0d05474       0x18 build/nanos/obj/syscalls.o
                0x00000000c0d05474                os_serial
 .text.os_registry_get_current_app_tag
                0x00000000c0d0548c       0x18 build/nanos/obj/syscalls.o
                0x00000000c0d0548c                os_registry_get_current_app_tag
 .text.os_sched_exit
                0x00000000c0d054a4       0x18 build/nanos/obj/syscalls.o
                0x00000000c0d054a4                os_sched_exit
 .text.io_seph_send
                0x00000000c0d054bc       0x14 build/nanos/obj/syscalls.o
                0x00000000c0d054bc                io_seph_send
 .text.io_seph_is_status_sent
                0x00000000c0d054d0       0x14 build/nanos/obj/syscalls.o
                0x00000000c0d054d0                io_seph_is_status_sent
 .text.io_seph_recv
                0x00000000c0d054e4       0x18 build/nanos/obj/syscalls.o
                0x00000000c0d054e4                io_seph_recv
 .text.try_context_get
                0x00000000c0d054fc       0x14 build/nanos/obj/syscalls.o
                0x00000000c0d054fc                try_context_get
 .text.try_context_set
                0x00000000c0d05510       0x18 build/nanos/obj/syscalls.o
                0x00000000c0d05510                try_context_set
 .text.os_sched_last_status
                0x00000000c0d05528       0x1c build/nanos/obj/syscalls.o
                0x00000000c0d05528                os_sched_last_status
 .text.str_formatFIOAmount
                0x00000000c0d05544      0x194 build/nanos/obj/textUtils.o
                0x00000000c0d05544                str_formatFIOAmount
 .text.str_formatUint64
                0x00000000c0d056d8       0xd0 build/nanos/obj/textUtils.o
                0x00000000c0d056d8                str_formatUint64
 .text.str_validateTextBuffer
                0x00000000c0d057a8       0x38 build/nanos/obj/textUtils.o
                0x00000000c0d057a8                str_validateTextBuffer
 .text.assert_uiPaginatedText_magic
                0x00000000c0d057e0       0x24 build/nanos/obj/uiHelpers.o
                0x00000000c0d057e0                assert_uiPaginatedText_magic
 .text.assert_uiPrompt_magic
                0x00000000c0d05804       0x24 build/nanos/obj/uiHelpers.o
                0x00000000c0d05804                assert_uiPrompt_magic
 .text.uiCallback_confirm
                0x00000000c0d05828       0x2c build/nanos/obj/uiHelpers.o
                0x00000000c0d05828                uiCallback_confirm
 .text.uiCallback_reject
                0x00000000c0d05854       0x2c build/nanos/obj/uiHelpers.o
                0x00000000c0d05854                uiCallback_reject
 .text.ui_displayPrompt
                0x00000000c0d05880       0xb8 build/nanos/obj/uiHelpers.o
                0x00000000c0d05880                ui_displayPrompt
 .text.ui_displayPaginatedText
                0x00000000c0d05938       0xc8 build/nanos/obj/uiHelpers.o
                0x00000000c0d05938                ui_displayPaginatedText
 .text.respond_with_user_reject
                0x00000000c0d05a00       0x24 build/nanos/obj/uiHelpers.o
                0x00000000c0d05a00                respond_with_user_reject
 .text.ui_paginatedText_button
                0x00000000c0d05a24      0x108 build/nanos/obj/uiHelpers_nanos.o
                0x00000000c0d05a24                ui_paginatedText_button
 .text.ui_prompt_button
                0x00000000c0d05b2c       0xc4 build/nanos/obj/uiHelpers_nanos.o
                0x00000000c0d05b2c                ui_prompt_button
 .text.ui_displayBusy
                0x00000000c0d05bf0       0xc8 build/nanos/obj/uiHelpers_nanos.o
                0x00000000c0d05bf0                ui_displayBusy
 .text.ui_busy_button
                0x00000000c0d05cb8        0x4 build/nanos/obj/uiHelpers_nanos.o
 .text.ui_displayPrompt_run
                0x00000000c0d05cbc       0xd0 build/nanos/obj/uiHelpers_nanos.o
                0x00000000c0d05cbc                ui_displayPrompt_run
 .text.ui_prepro_prompt
                0x00000000c0d05d8c       0x2c build/nanos/obj/uiHelpers_nanos.o
 .text.ui_displayPaginatedText_run
                0x00000000c0d05db8       0xd0 build/nanos/obj/uiHelpers_nanos.o
                0x00000000c0d05db8                ui_displayPaginatedText_run
 .text.ui_prepro_paginatedText
                0x00000000c0d05e88       0x54 build/nanos/obj/uiHelpers_nanos.o
 .text.scroll_update_display_content
                0x00000000c0d05edc       0xd0 build/nanos/obj/uiHelpers_nanos.o
 .text.ui_displayPathScreen
                0x00000000c0d05fac       0x50 build/nanos/obj/uiScreens.o
                0x00000000c0d05fac                ui_displayPathScreen
 .text.ui_displayPubkeyScreen
                0x00000000c0d05ffc       0x74 build/nanos/obj/uiScreens.o
                0x00000000c0d05ffc                ui_displayPubkeyScreen
 .text.ui_displayAsciiBufferScreen
                0x00000000c0d06070       0x8c build/nanos/obj/uiScreens.o
                0x00000000c0d06070                ui_displayAsciiBufferScreen
 .text.USBD_LL_Init
                0x00000000c0d060fc       0x14 build/nanos/obj/usbd_conf.o
                0x00000000c0d060fc                USBD_LL_Init
 .text.USBD_LL_DeInit
                0x00000000c0d06110       0x24 build/nanos/obj/usbd_conf.o
                0x00000000c0d06110                USBD_LL_DeInit
 .text.USBD_LL_Start
                0x00000000c0d06134       0x34 build/nanos/obj/usbd_conf.o
                0x00000000c0d06134                USBD_LL_Start
 .text.USBD_LL_Stop
                0x00000000c0d06168       0x1e build/nanos/obj/usbd_conf.o
                0x00000000c0d06168                USBD_LL_Stop
 *fill*         0x00000000c0d06186        0x2 00
 .text.USBD_LL_OpenEP
                0x00000000c0d06188       0x58 build/nanos/obj/usbd_conf.o
                0x00000000c0d06188                USBD_LL_OpenEP
 .text.USBD_LL_StallEP
                0x00000000c0d061e0       0x44 build/nanos/obj/usbd_conf.o
                0x00000000c0d061e0                USBD_LL_StallEP
 .text.USBD_LL_ClearStallEP
                0x00000000c0d06224       0x44 build/nanos/obj/usbd_conf.o
                0x00000000c0d06224                USBD_LL_ClearStallEP
 .text.USBD_LL_IsStallEP
                0x00000000c0d06268       0x20 build/nanos/obj/usbd_conf.o
                0x00000000c0d06268                USBD_LL_IsStallEP
 .text.USBD_LL_SetUSBAddress
                0x00000000c0d06288       0x20 build/nanos/obj/usbd_conf.o
                0x00000000c0d06288                USBD_LL_SetUSBAddress
 .text.USBD_LL_Transmit
                0x00000000c0d062a8       0x2e build/nanos/obj/usbd_conf.o
                0x00000000c0d062a8                USBD_LL_Transmit
 .text.USBD_LL_PrepareReceive
                0x00000000c0d062d6       0x22 build/nanos/obj/usbd_conf.o
                0x00000000c0d062d6                USBD_LL_PrepareReceive
 .text.USBD_Init
                0x00000000c0d062f8       0x34 build/nanos/obj/usbd_core.o
                0x00000000c0d062f8                USBD_Init
 .text.USBD_DeInit
                0x00000000c0d0632c       0x40 build/nanos/obj/usbd_core.o
                0x00000000c0d0632c                USBD_DeInit
 .text.USBD_RegisterClassForInterface
                0x00000000c0d0636c       0x1a build/nanos/obj/usbd_core.o
                0x00000000c0d0636c                USBD_RegisterClassForInterface
 .text.USBD_Start
                0x00000000c0d06386        0xa build/nanos/obj/usbd_core.o
                0x00000000c0d06386                USBD_Start
 .text.USBD_SetClassConfig
                0x00000000c0d06390       0x34 build/nanos/obj/usbd_core.o
                0x00000000c0d06390                USBD_SetClassConfig
 .text.USBD_ClrClassConfig
                0x00000000c0d063c4       0x34 build/nanos/obj/usbd_core.o
                0x00000000c0d063c4                USBD_ClrClassConfig
 .text.USBD_LL_SetupStage
                0x00000000c0d063f8       0x5c build/nanos/obj/usbd_core.o
                0x00000000c0d063f8                USBD_LL_SetupStage
 .text.USBD_LL_DataOutStage
                0x00000000c0d06454       0xaa build/nanos/obj/usbd_core.o
                0x00000000c0d06454                USBD_LL_DataOutStage
 .text.USBD_LL_DataInStage
                0x00000000c0d064fe       0xd6 build/nanos/obj/usbd_core.o
                0x00000000c0d064fe                USBD_LL_DataInStage
 .text.USBD_LL_Reset
                0x00000000c0d065d4       0x40 build/nanos/obj/usbd_core.o
                0x00000000c0d065d4                USBD_LL_Reset
 .text.USBD_LL_SetSpeed
                0x00000000c0d06614        0x6 build/nanos/obj/usbd_core.o
                0x00000000c0d06614                USBD_LL_SetSpeed
 .text.USBD_LL_Suspend
                0x00000000c0d0661a        0x4 build/nanos/obj/usbd_core.o
                0x00000000c0d0661a                USBD_LL_Suspend
 .text.USBD_LL_Resume
                0x00000000c0d0661e        0x4 build/nanos/obj/usbd_core.o
                0x00000000c0d0661e                USBD_LL_Resume
 .text.USBD_LL_SOF
                0x00000000c0d06622       0x3c build/nanos/obj/usbd_core.o
                0x00000000c0d06622                USBD_LL_SOF
 .text.usbd_is_valid_intf
                0x00000000c0d0665e       0x16 build/nanos/obj/usbd_ctlreq.o
                0x00000000c0d0665e                usbd_is_valid_intf
 .text.USBD_StdDevReq
                0x00000000c0d06674       0x52 build/nanos/obj/usbd_ctlreq.o
                0x00000000c0d06674                USBD_StdDevReq
 .text.USBD_GetDescriptor
                0x00000000c0d066c6       0xee build/nanos/obj/usbd_ctlreq.o
                0x00000000c0d066c6                USBD_GetDescriptor
 .text.USBD_SetAddress
                0x00000000c0d067b4       0x46 build/nanos/obj/usbd_ctlreq.o
                0x00000000c0d067b4                USBD_SetAddress
 .text.USBD_SetConfig
                0x00000000c0d067fa       0x6e build/nanos/obj/usbd_ctlreq.o
                0x00000000c0d067fa                USBD_SetConfig
 .text.USBD_GetConfig
                0x00000000c0d06868       0x2e build/nanos/obj/usbd_ctlreq.o
                0x00000000c0d06868                USBD_GetConfig
 .text.USBD_GetStatus
                0x00000000c0d06896       0x48 build/nanos/obj/usbd_ctlreq.o
                0x00000000c0d06896                USBD_GetStatus
 .text.USBD_SetFeature
                0x00000000c0d068de       0x3a build/nanos/obj/usbd_ctlreq.o
                0x00000000c0d068de                USBD_SetFeature
 .text.USBD_ClrFeature
                0x00000000c0d06918       0x52 build/nanos/obj/usbd_ctlreq.o
                0x00000000c0d06918                USBD_ClrFeature
 .text.USBD_StdItfReq
                0x00000000c0d0696a       0x48 build/nanos/obj/usbd_ctlreq.o
                0x00000000c0d0696a                USBD_StdItfReq
 .text.USBD_StdEPReq
                0x00000000c0d069b2      0x102 build/nanos/obj/usbd_ctlreq.o
                0x00000000c0d069b2                USBD_StdEPReq
 .text.USBD_ParseSetupRequest
                0x00000000c0d06ab4       0x28 build/nanos/obj/usbd_ctlreq.o
                0x00000000c0d06ab4                USBD_ParseSetupRequest
 .text.USBD_CtlStall
                0x00000000c0d06adc       0x14 build/nanos/obj/usbd_ctlreq.o
                0x00000000c0d06adc                USBD_CtlStall
 .text.USBD_HID_Setup
                0x00000000c0d06af0       0x90 build/nanos/obj/usbd_hid.o
                0x00000000c0d06af0                USBD_HID_Setup
 .text.USBD_HID_Init
                0x00000000c0d06b80       0x2e build/nanos/obj/usbd_hid.o
                0x00000000c0d06b80                USBD_HID_Init
 .text.USBD_HID_DeInit
                0x00000000c0d06bae        0x4 build/nanos/obj/usbd_hid.o
                0x00000000c0d06bae                USBD_HID_DeInit
 *fill*         0x00000000c0d06bb2        0x2 00
 .text.USBD_HID_GetHidDescriptor_impl
                0x00000000c0d06bb4       0x28 build/nanos/obj/usbd_impl.o
                0x00000000c0d06bb4                USBD_HID_GetHidDescriptor_impl
 .text.USBD_HID_GetReportDescriptor_impl
                0x00000000c0d06bdc       0x28 build/nanos/obj/usbd_impl.o
                0x00000000c0d06bdc                USBD_HID_GetReportDescriptor_impl
 .text.USBD_HID_DataIn_impl
                0x00000000c0d06c04       0x18 build/nanos/obj/usbd_impl.o
                0x00000000c0d06c04                USBD_HID_DataIn_impl
 .text.USBD_HID_DataOut_impl
                0x00000000c0d06c1c       0x4c build/nanos/obj/usbd_impl.o
                0x00000000c0d06c1c                USBD_HID_DataOut_impl
 .text.USBD_WEBUSB_Init
                0x00000000c0d06c68       0x2c build/nanos/obj/usbd_impl.o
                0x00000000c0d06c68                USBD_WEBUSB_Init
 .text.USBD_WEBUSB_DeInit
                0x00000000c0d06c94        0x4 build/nanos/obj/usbd_impl.o
                0x00000000c0d06c94                USBD_WEBUSB_DeInit
 .text.USBD_WEBUSB_Setup
                0x00000000c0d06c98        0x4 build/nanos/obj/usbd_impl.o
                0x00000000c0d06c98                USBD_WEBUSB_Setup
 .text.USBD_WEBUSB_DataIn
                0x00000000c0d06c9c       0x18 build/nanos/obj/usbd_impl.o
                0x00000000c0d06c9c                USBD_WEBUSB_DataIn
 .text.USBD_WEBUSB_DataOut
                0x00000000c0d06cb4       0x4c build/nanos/obj/usbd_impl.o
                0x00000000c0d06cb4                USBD_WEBUSB_DataOut
 .text.USBD_DeviceDescriptor
                0x00000000c0d06d00       0x10 build/nanos/obj/usbd_impl.o
 .text.USBD_LangIDStrDescriptor
                0x00000000c0d06d10       0x10 build/nanos/obj/usbd_impl.o
 .text.USBD_ManufacturerStrDescriptor
                0x00000000c0d06d20       0x10 build/nanos/obj/usbd_impl.o
 .text.USBD_ProductStrDescriptor
                0x00000000c0d06d30       0x10 build/nanos/obj/usbd_impl.o
 .text.USBD_SerialStrDescriptor
                0x00000000c0d06d40       0x10 build/nanos/obj/usbd_impl.o
 .text.USBD_ConfigStrDescriptor
                0x00000000c0d06d50       0x10 build/nanos/obj/usbd_impl.o
 .text.USBD_InterfaceStrDescriptor
                0x00000000c0d06d60       0x10 build/nanos/obj/usbd_impl.o
 .text.USBD_BOSDescriptor
                0x00000000c0d06d70       0x10 build/nanos/obj/usbd_impl.o
 .text.USBD_CtlError
                0x00000000c0d06d80       0x84 build/nanos/obj/usbd_impl.o
                0x00000000c0d06d80                USBD_CtlError
 .text.USB_power
                0x00000000c0d06e04       0x74 build/nanos/obj/usbd_impl.o
                0x00000000c0d06e04                USB_power
 .text.USBD_GetCfgDesc_impl
                0x00000000c0d06e78       0x10 build/nanos/obj/usbd_impl.o
 .text.USBD_GetDeviceQualifierDesc_impl
                0x00000000c0d06e88       0x10 build/nanos/obj/usbd_impl.o
 .text.USBD_CtlSendData
                0x00000000c0d06e98       0x2c build/nanos/obj/usbd_ioreq.o
                0x00000000c0d06e98                USBD_CtlSendData
 .text.USBD_CtlContinueSendData
                0x00000000c0d06ec4       0x1c build/nanos/obj/usbd_ioreq.o
                0x00000000c0d06ec4                USBD_CtlContinueSendData
 .text.USBD_CtlContinueRx
                0x00000000c0d06ee0        0xe build/nanos/obj/usbd_ioreq.o
                0x00000000c0d06ee0                USBD_CtlContinueRx
 .text.USBD_CtlSendStatus
                0x00000000c0d06eee       0x18 build/nanos/obj/usbd_ioreq.o
                0x00000000c0d06eee                USBD_CtlSendStatus
 .text.USBD_CtlReceiveStatus
                0x00000000c0d06f06       0x16 build/nanos/obj/usbd_ioreq.o
                0x00000000c0d06f06                USBD_CtlReceiveStatus
 .text.ux_menu_element_preprocessor
                0x00000000c0d06f1c      0x1cc build/nanos/obj/ux_legacy.o
                0x00000000c0d06f1c                ux_menu_element_preprocessor
 .text.ux_menu_elements_button
                0x00000000c0d070e8      0x128 build/nanos/obj/ux_legacy.o
                0x00000000c0d070e8                ux_menu_elements_button
 .text.ux_menu_display
                0x00000000c0d07210      0x11c build/nanos/obj/ux_legacy.o
                0x00000000c0d07210                ux_menu_display
 .text          0x00000000c0d0732c       0x8c /usr/lib/gcc/arm-none-eabi/10.3.0/thumb/v6-m/nofp/libgcc.a(_udivsi3.o)
                0x00000000c0d0732c                __udivsi3
                0x00000000c0d0732c                __aeabi_uidiv
                0x00000000c0d073a4                __aeabi_uidivmod
 .text          0x00000000c0d073b8       0xa8 /usr/lib/gcc/arm-none-eabi/10.3.0/thumb/v6-m/nofp/libgcc.a(_divsi3.o)
                0x00000000c0d073b8                __aeabi_idiv
                0x00000000c0d073b8                __divsi3
                0x00000000c0d0744c                __aeabi_idivmod
 .text          0x00000000c0d07460        0x4 /usr/lib/gcc/arm-none-eabi/10.3.0/thumb/v6-m/nofp/libgcc.a(_dvmd_tls.o)
                0x00000000c0d07460                __aeabi_ldiv0
                0x00000000c0d07460                __aeabi_idiv0
 .text          0x00000000c0d07464       0x18 /usr/lib/gcc/arm-none-eabi/10.3.0/thumb/v6-m/nofp/libgcc.a(_ashldi3.o)
                0x00000000c0d07464                __ashldi3
                0x00000000c0d07464                __aeabi_llsl
 .text          0x00000000c0d0747c       0x40 /usr/lib/gcc/arm-none-eabi/10.3.0/thumb/v6-m/nofp/libgcc.a(_aeabi_uldivmod.o)
                0x00000000c0d0747c                __aeabi_uldivmod
 .text.__muldi3
                0x00000000c0d074bc       0x48 /usr/lib/gcc/arm-none-eabi/10.3.0/thumb/v6-m/nofp/libgcc.a(_muldi3.o)
                0x00000000c0d074bc                __aeabi_lmul
                0x00000000c0d074bc                __muldi3
 .text.__udivmoddi4
                0x00000000c0d07504       0xde /usr/lib/gcc/arm-none-eabi/10.3.0/thumb/v6-m/nofp/libgcc.a(_udivmoddi4.o)
                0x00000000c0d07504                __udivmoddi4
 *fill*         0x00000000c0d075e2        0x2 00
 .text          0x00000000c0d075e4       0x18 /usr/lib/gcc/arm-none-eabi/10.3.0/thumb/v6-m/nofp/libgcc.a(_lshrdi3.o)
                0x00000000c0d075e4                __aeabi_llsr
                0x00000000c0d075e4                __lshrdi3
 .text          0x00000000c0d075fc       0x18 /usr/lib/gcc/arm-none-eabi/10.3.0/thumb/v6-m/nofp/libgcc.a(_clzdi2.o)
                0x00000000c0d075fc                __clzdi2
 .text          0x00000000c0d07614       0x3c /usr/lib/gcc/arm-none-eabi/10.3.0/thumb/v6-m/nofp/libgcc.a(_clzsi2.o)
                0x00000000c0d07614                __clzsi2
 .text          0x00000000c0d07650        0xc /usr/lib/gcc/arm-none-eabi/10.3.0/../../../../arm-none-eabi/lib/thumb/v6-m/nofp/libc_nano.a(lib_a-aeabi_memclr.o)
                0x00000000c0d07650                __aeabi_memclr8
                0x00000000c0d07650                __aeabi_memclr
                0x00000000c0d07650                __aeabi_memclr4
 .text          0x00000000c0d0765c        0x8 /usr/lib/gcc/arm-none-eabi/10.3.0/../../../../arm-none-eabi/lib/thumb/v6-m/nofp/libc_nano.a(lib_a-aeabi_memcpy.o)
                0x00000000c0d0765c                __aeabi_memcpy
                0x00000000c0d0765c                __aeabi_memcpy4
                0x00000000c0d0765c                __aeabi_memcpy8
 .text          0x00000000c0d07664        0x8 /usr/lib/gcc/arm-none-eabi/10.3.0/../../../../arm-none-eabi/lib/thumb/v6-m/nofp/libc_nano.a(lib_a-aeabi_memmove.o)
                0x00000000c0d07664                __aeabi_memmove8
                0x00000000c0d07664                __aeabi_memmove
                0x00000000c0d07664                __aeabi_memmove4
 .text          0x00000000c0d0766c       0x10 /usr/lib/gcc/arm-none-eabi/10.3.0/../../../../arm-none-eabi/lib/thumb/v6-m/nofp/libc_nano.a(lib_a-aeabi_memset.o)
                0x00000000c0d0766c                __aeabi_memset
                0x00000000c0d0766c                __aeabi_memset8
                0x00000000c0d0766c                __aeabi_memset4
 .text          0x00000000c0d0767c        0x8 /usr/lib/gcc/arm-none-eabi/10.3.0/../../../../arm-none-eabi/lib/thumb/v6-m/nofp/libc_nano.a(lib_a-explicit_bzero.o)
                0x00000000c0d0767c                explicit_bzero
 .text          0x00000000c0d07684       0x48 /usr/lib/gcc/arm-none-eabi/10.3.0/../../../../arm-none-eabi/lib/thumb/v6-m/nofp/libc_nano.a(lib_a-memcmp.o)
                0x00000000c0d07684                memcmp
 .text          0x00000000c0d076cc       0xa4 /usr/lib/gcc/arm-none-eabi/10.3.0/../../../../arm-none-eabi/lib/thumb/v6-m/nofp/libc_nano.a(lib_a-memcpy-stub.o)
                0x00000000c0d076cc                memcpy
 .text          0x00000000c0d07770       0xac /usr/lib/gcc/arm-none-eabi/10.3.0/../../../../arm-none-eabi/lib/thumb/v6-m/nofp/libc_nano.a(lib_a-memmove.o)
                0x00000000c0d07770                memmove
 .text          0x00000000c0d0781c       0xa8 /usr/lib/gcc/arm-none-eabi/10.3.0/../../../../arm-none-eabi/lib/thumb/v6-m/nofp/libc_nano.a(lib_a-memset.o)
                0x00000000c0d0781c                memset
 .text          0x00000000c0d078c4       0x34 /usr/lib/gcc/arm-none-eabi/10.3.0/../../../../arm-none-eabi/lib/thumb/v6-m/nofp/libc_nano.a(lib_a-setjmp.o)
                0x00000000c0d078c4                setjmp
                0x00000000c0d078dc                longjmp
 .text          0x00000000c0d078f8       0x5c /usr/lib/gcc/arm-none-eabi/10.3.0/../../../../arm-none-eabi/lib/thumb/v6-m/nofp/libc_nano.a(lib_a-strlen-stub.o)
                0x00000000c0d078f8                strlen
 .text          0x00000000c0d07954       0x24 /usr/lib/gcc/arm-none-eabi/10.3.0/../../../../arm-none-eabi/lib/thumb/v6-m/nofp/libc_nano.a(lib_a-strnlen.o)
                0x00000000c0d07954                strnlen
 .text          0x00000000c0d07978        0xc /usr/lib/gcc/arm-none-eabi/10.3.0/../../../../arm-none-eabi/lib/thumb/v6-m/nofp/libc_nano.a(lib_a-bzero.o)
                0x00000000c0d07978                bzero
 *(.rodata)
 *(.rodata.[^N]*)
 .rodata.str1.1
                0x00000000c0d07984       0x24 build/nanos/obj/app_main.o
 .rodata.str1.1
                0x00000000c0d079a8       0xa3 build/nanos/obj/bip44.o
                                         0xa5 (size before relaxing)
 .rodata.str1.1
                0x00000000c0d07a4b      0x221 build/nanos/obj/decodeDH.o
                                        0x222 (size before relaxing)
 .rodata.str1.1
                0x00000000c0d07c6c      0x2fb build/nanos/obj/diffieHellman.o
 .rodata.BASE64
                0x00000000c0d07f67       0x40 build/nanos/obj/diffieHellman.o
 .rodata.BASE58ALPHABET
                0x00000000c0d07fa7       0x3a build/nanos/obj/eos_utils.o
                0x00000000c0d07fa7                BASE58ALPHABET
 .rodata.str1.1
                0x00000000c0d07fe1       0xdc build/nanos/obj/eos_utils.o
 .rodata.str1.1
                0x00000000c0d080bd       0x6e build/nanos/obj/fio.o
 .rodata.cst32  0x00000000c0d0812b       0x40 build/nanos/obj/fio.o
 .rodata.str1.1
                0x00000000c0d0816b       0xe0 build/nanos/obj/getPublicKey.o
 .rodata.str1.1
                0x00000000c0d0824b       0x13 build/nanos/obj/getSerial.o
 *fill*         0x00000000c0d0825e        0x2 00
 .rodata.C_icon_back_colors
                0x00000000c0d08260        0x8 build/nanos/obj/glyphs.o
                0x00000000c0d08260                C_icon_back_colors
 .rodata.C_icon_back_bitmap
                0x00000000c0d08268       0x19 build/nanos/obj/glyphs.o
                0x00000000c0d08268                C_icon_back_bitmap
 *fill*         0x00000000c0d08281        0x3 00
 .rodata.C_icon_back
                0x00000000c0d08284       0x14 build/nanos/obj/glyphs.o
                0x00000000c0d08284                C_icon_back
 .rodata.C_icon_dashboard_colors
                0x00000000c0d08298        0x8 build/nanos/obj/glyphs.o
                0x00000000c0d08298                C_icon_dashboard_colors
 .rodata.C_icon_dashboard_bitmap
                0x00000000c0d082a0       0x19 build/nanos/obj/glyphs.o
                0x00000000c0d082a0                C_icon_dashboard_bitmap
 *fill*         0x00000000c0d082b9        0x3 00
 .rodata.C_icon_dashboard
                0x00000000c0d082bc       0x14 build/nanos/obj/glyphs.o
                0x00000000c0d082bc                C_icon_dashboard
 .rodata.str1.1
                0x00000000c0d082d0       0x59 build/nanos/obj/hexUtils.o
 .rodata.str1.1
                0x00000000c0d08329       0x41 build/nanos/obj/io2.o
 .rodata.str1.1
                0x00000000c0d0836a       0x17 build/nanos/obj/keyDerivation.o
 .rodata.str1.1
                0x00000000c0d08381       0x3a build/nanos/obj/menu_nanos.o
 *fill*         0x00000000c0d083bb        0x1 00
 .rodata.menu_about
                0x00000000c0d083bc       0x54 build/nanos/obj/menu_nanos.o
 .rodata.menu_main
                0x00000000c0d08410       0x70 build/nanos/obj/menu_nanos.o
                0x00000000c0d08410                menu_main
 .rodata.seph_io_general_status
                0x00000000c0d08480        0x5 build/nanos/obj/os_io_seproxyhal.o
 .rodata.seph_io_se_reset
                0x00000000c0d08485        0x3 build/nanos/obj/os_io_seproxyhal.o
 .rodata.cst16  0x00000000c0d08488       0x20 build/nanos/obj/os_printf.o
 .rodata.str1.1
                0x00000000c0d084a8      0x232 build/nanos/obj/signTransaction.o
                                        0x23b (size before relaxing)
 *fill*         0x00000000c0d086da        0x2 00
 .rodata.str1.4
                0x00000000c0d086dc       0x2e build/nanos/obj/signTransaction.o
 .rodata.SECP256K1_N
                0x00000000c0d0870a       0x20 build/nanos/obj/signTransaction.o
 .rodata.str1.1
                0x00000000c0d0872a       0xea build/nanos/obj/signTransactionCountedSection.o
 .rodata.str1.1
                0x00000000c0d08814       0x46 build/nanos/obj/signTransactionIntegrity.o
                                         0x70 (size before relaxing)
 .rodata.allowedHashes
                0x00000000c0d0885a      0xa60 build/nanos/obj/signTransactionIntegrity.o
 .rodata.str1.1
                0x00000000c0d092ba       0xa8 build/nanos/obj/signTransactionParse.o
 *fill*         0x00000000c0d09362        0x2 00
 .rodata.str1.4
                0x00000000c0d09364       0x10 build/nanos/obj/signTransactionParse.o
 .rodata.str1.1
                0x00000000c0d09374       0xc6 build/nanos/obj/textUtils.o
 .rodata.str1.1
                0x00000000c0d0943a       0xc4 build/nanos/obj/uiHelpers.o
 .rodata.str1.1
                0x00000000c0d094fe       0x98 build/nanos/obj/uiHelpers_nanos.o
                                         0x9c (size before relaxing)
 *fill*         0x00000000c0d09596        0x2 00
 .rodata.ui_busy
                0x00000000c0d09598       0x40 build/nanos/obj/uiHelpers_nanos.o
 .rodata.ui_prompt
                0x00000000c0d095d8       0xa0 build/nanos/obj/uiHelpers_nanos.o
 .rodata.ui_paginatedText
                0x00000000c0d09678       0xa0 build/nanos/obj/uiHelpers_nanos.o
 .rodata.str1.1
                0x00000000c0d09718      0x11d build/nanos/obj/uiScreens.o
 *fill*         0x00000000c0d09835        0x3 00
 .rodata.USBD_HID_Desc
                0x00000000c0d09838        0x9 build/nanos/obj/usbd_impl.o
                0x00000000c0d09838                USBD_HID_Desc
 .rodata.HID_ReportDesc
                0x00000000c0d09841       0x22 build/nanos/obj/usbd_impl.o
 .rodata.C_usb_bos
                0x00000000c0d09863       0x39 build/nanos/obj/usbd_impl.o
                0x00000000c0d09863                C_usb_bos
 .rodata.HID_Desc
                0x00000000c0d0989c       0x20 build/nanos/obj/usbd_impl.o
                0x00000000c0d0989c                HID_Desc
 .rodata.C_winusb_string_descriptor
                0x00000000c0d098bc       0x12 build/nanos/obj/usbd_impl.o
 .rodata.C_winusb_guid
                0x00000000c0d098ce       0x92 build/nanos/obj/usbd_impl.o
 .rodata.C_winusb_request_descriptor
                0x00000000c0d09960       0xb2 build/nanos/obj/usbd_impl.o
 *fill*         0x00000000c0d09a12        0x2 00
 .rodata.USBD_HID
                0x00000000c0d09a14       0x38 build/nanos/obj/usbd_impl.o
 .rodata.USBD_WEBUSB
                0x00000000c0d09a4c       0x38 build/nanos/obj/usbd_impl.o
 .rodata.USBD_DeviceDesc
                0x00000000c0d09a84       0x12 build/nanos/obj/usbd_impl.o
 .rodata.USBD_LangIDDesc
                0x00000000c0d09a96        0x4 build/nanos/obj/usbd_impl.o
 .rodata.USBD_MANUFACTURER_STRING
                0x00000000c0d09a9a        0xe build/nanos/obj/usbd_impl.o
 .rodata.USBD_PRODUCT_FS_STRING
                0x00000000c0d09aa8        0xe build/nanos/obj/usbd_impl.o
 .rodata.USB_SERIAL_STRING
                0x00000000c0d09ab6        0xa build/nanos/obj/usbd_impl.o
 .rodata.C_winusb_wcid
                0x00000000c0d09ac0       0x28 build/nanos/obj/usbd_impl.o
 .rodata.USBD_CfgDesc
                0x00000000c0d09ae8       0x40 build/nanos/obj/usbd_impl.o
 .rodata.USBD_DeviceQualifierDesc
                0x00000000c0d09b28        0xa build/nanos/obj/usbd_impl.o
 *fill*         0x00000000c0d09b32        0x2 00
 .rodata.ux_menu_elements
                0x00000000c0d09b34      0x120 build/nanos/obj/ux_legacy.o
                0x00000000c0d09b34                ux_menu_elements
 .rodata.UX_MENU_END_ENTRY
                0x00000000c0d09c54       0x1c build/nanos/obj/ux_legacy.o
                0x00000000c0d09c54                UX_MENU_END_ENTRY
 *(.rodata.N[^_]*)
                0x00000000c0d09c70                . = ALIGN (0x4)
                0x00000000c0d09c70                _etext = .
                0x00000000c0d09c80                . = ALIGN (PAGE_SIZE)
 *fill*         0x00000000c0d09c70       0x10 00
                0x00000000c0d09c80                _nvram_data = .
 *(.bss.N_* .rodata.N_*)
                0x00000000c0d09c80                . = ALIGN (PAGE_SIZE)
                0x00000000c0d09c80                _envram_data = .
                0x00000000c0d09c80                _install_parameters = .
                0x00000000c0d09c80                _nvram_end = .

.glue_7         0x00000000c0d09c80        0x0
 .glue_7        0x00000000c0d09c80        0x0 linker stubs

.glue_7t        0x00000000c0d09c80        0x0
 .glue_7t       0x00000000c0d09c80        0x0 linker stubs

.vfp11_veneer   0x00000000c0d09c80        0x0
 .vfp11_veneer  0x00000000c0d09c80        0x0 linker stubs

.v4_bx          0x00000000c0d09c80        0x0
 .v4_bx         0x00000000c0d09c80        0x0 linker stubs

.iplt           0x00000000c0d09c80        0x0
 .iplt          0x00000000c0d09c80        0x0 build/nanos/obj/app_main.o

.data           0x00000000d0000000        0x0
                0x00000000d0000000                . = ALIGN (0x4)
                0x00000000d0000000                _data = .
 *(vtable)
 *(.data*)
                0x00000000d0000000                _edata = .

.igot.plt       0x00000000d0000000        0x0
 .igot.plt      0x00000000d0000000        0x0 build/nanos/obj/app_main.o

.cx_ram         0x0000000020001400      0x400
                0x0000000020001400                _cxram = .
                0x0000000000000000                . = (_cxram + ORIGIN (CXSRAM))
 *(.bss.G_cx)
                0x0000000020001800                . = (_cxram + LENGTH (CXSRAM))
 *fill*         0x0000000020001400      0x400 00

.bss            0x0000000020000200      0xdf0
                0x0000000020000200                _bss = .
 *(.bss*)
 .bss.G_io_seproxyhal_spi_buffer
                0x0000000020000200       0x80 build/nanos/obj/io.o
                0x0000000020000200                G_io_seproxyhal_spi_buffer
 .bss.timeout_cb
                0x0000000020000280        0x4 build/nanos/obj/io2.o
 .bss.io_state  0x0000000020000284        0x1 build/nanos/obj/io2.o
                0x0000000020000284                io_state
 *fill*         0x0000000020000285        0x3 00
 .bss.G_ux      0x0000000020000288      0x108 build/nanos/obj/main.o
                0x0000000020000288                G_ux
 .bss.G_ux_params
                0x0000000020000390        0x8 build/nanos/obj/main.o
                0x0000000020000390                G_ux_params
 .bss.G_io_apdu_buffer
                0x0000000020000398      0x104 build/nanos/obj/os.o
                0x0000000020000398                G_io_apdu_buffer
 .bss.G_io_app  0x000000002000049c       0x20 build/nanos/obj/os_io_seproxyhal.o
                0x000000002000049c                G_io_app
 .bss.G_ux_os   0x00000000200004bc        0x8 build/nanos/obj/os_io_seproxyhal.o
                0x00000000200004bc                G_ux_os
 .bss.G_io_usb_ep_buffer
                0x00000000200004c4       0x40 build/nanos/obj/os_io_seproxyhal.o
                0x00000000200004c4                G_io_usb_ep_buffer
 .bss.G_io_usb_hid_sequence_number
                0x0000000020000504        0x4 build/nanos/obj/os_io_usb.o
                0x0000000020000504                G_io_usb_hid_sequence_number
 .bss.G_io_usb_hid_total_length
                0x0000000020000508        0x4 build/nanos/obj/os_io_usb.o
                0x0000000020000508                G_io_usb_hid_total_length
 .bss.G_io_usb_hid_remaining_length
                0x000000002000050c        0x4 build/nanos/obj/os_io_usb.o
                0x000000002000050c                G_io_usb_hid_remaining_length
 .bss.G_io_usb_hid_current_buffer
                0x0000000020000510        0x4 build/nanos/obj/os_io_usb.o
                0x0000000020000510                G_io_usb_hid_current_buffer
 .bss.G_io_usb_hid_channel
                0x0000000020000514        0x4 build/nanos/obj/os_io_usb.o
                0x0000000020000514                G_io_usb_hid_channel
 .bss.instructionState
                0x0000000020000518      0x494 build/nanos/obj/state.o
                0x0000000020000518                instructionState
 .bss.currentInstruction
                0x00000000200009ac        0x4 build/nanos/obj/state.o
                0x00000000200009ac                currentInstruction
 .bss.displayState
                0x00000000200009b0      0x10c build/nanos/obj/uiHelpers.o
                0x00000000200009b0                displayState
 .bss.ep_in_stall
                0x0000000020000abc        0x4 build/nanos/obj/usbd_conf.o
                0x0000000020000abc                ep_in_stall
 .bss.ep_out_stall
                0x0000000020000ac0        0x4 build/nanos/obj/usbd_conf.o
                0x0000000020000ac0                ep_out_stall
 .bss.USBD_Device
                0x0000000020000ac4      0x114 build/nanos/obj/usbd_core.o
                0x0000000020000ac4                USBD_Device
 .bss.ux_menu   0x0000000020000bd8       0x14 build/nanos/obj/ux_legacy.o
                0x0000000020000bd8                ux_menu
                0x0000000020000bec                _ebss = .
                0x0000000020000bec                . = ALIGN (0x4)
                0x0000000020000bec                app_stack_canary = .
                [!provide]                        PROVIDE (app_stack_canary = .)
                0x0000000020000bf0                . = (. + 0x4)
 *fill*         0x0000000020000bec        0x4 00
                0x0000000020000bf0                _stack_validation = .
                0x0000000020000ff0                . = (_stack_validation + STACK_SIZE)
 *fill*         0x0000000020000bf0      0x400 00
                0x0000000020001000                _stack = (ABSOLUTE (END_STACK) - STACK_SIZE)
                [!provide]                        PROVIDE (_stack = (ABSOLUTE (END_STACK) - STACK_SIZE))
                0x0000000020001400                _estack = ABSOLUTE (END_STACK)
                [!provide]                        PROVIDE (_estack = ABSOLUTE (END_STACK))

DEBUG           0x00000000d0000000        0x8
 libc.a(*)
 libm.a(*)
 libgcc.a(*)
 *(.ARM.exidx* .gnu.linkonce.armexidx.*)
 .ARM.exidx.text.ui_idle
                0x00000000d0000000        0x0 build/nanos/obj/app_main.o
                                          0x8 (size before relaxing)
 .ARM.exidx.text.app_main
                0x00000000d0000000        0x0 build/nanos/obj/app_main.o
                                          0x8 (size before relaxing)
 .ARM.exidx.text.assert
                0x00000000d0000000        0x0 build/nanos/obj/assert.o
                                          0x8 (size before relaxing)
 .ARM.exidx.text.bip44_parseFromWire
                0x00000000d0000000        0x0 build/nanos/obj/bip44.o
                                          0x8 (size before relaxing)
 .ARM.exidx.text.bip44_hasValidFIOPrefix
                0x00000000d0000000        0x0 build/nanos/obj/bip44.o
                                          0x8 (size before relaxing)
 .ARM.exidx.text.bip44_containsAddress
                0x00000000d0000000        0x0 build/nanos/obj/bip44.o
                                          0x8 (size before relaxing)
 .ARM.exidx.text.bip44_getAddressValue
                0x00000000d0000000        0x0 build/nanos/obj/bip44.o
                                          0x8 (size before relaxing)
 .ARM.exidx.text.bip44_hasReasonableAddress
                0x00000000d0000000        0x0 build/nanos/obj/bip44.o
                                          0x8 (size before relaxing)
 .ARM.exidx.text.bip44_containsMoreThanAddress
                0x00000000d0000000        0x0 build/nanos/obj/bip44.o
                                          0x8 (size before relaxing)
 .ARM.exidx.text.bip44_printToStr
                0x00000000d0000000        0x0 build/nanos/obj/bip44.o
                                          0x8 (size before relaxing)
 .ARM.exidx.text.decode_handleAPDU
                0x00000000d0000000        0x0 build/nanos/obj/decodeDH.o
                                          0x8 (size before relaxing)
 .ARM.exidx.text.CHECK_STAGE
                0x00000000d0000000        0x0 build/nanos/obj/decodeDH.o
                                          0x8 (size before relaxing)
 .ARM.exidx.text.readStringWithLength
                0x00000000d0000000        0x0 build/nanos/obj/decodeDH.o
                                          0x8 (size before relaxing)
 .ARM.exidx.text.readOptionalStringWithLength
                0x00000000d0000000        0x0 build/nanos/obj/decodeDH.o
                                          0x8 (size before relaxing)
 .ARM.exidx.text.decodeNewfundsreqMemo_ui_runStep
                0x00000000d0000000        0x0 build/nanos/obj/decodeDH.o
                                          0x8 (size before relaxing)
 .ARM.exidx.text.dh_respond_with_user_reject
                0x00000000d0000000        0x0 build/nanos/obj/decodeDH.o
                                          0x8 (size before relaxing)
 .ARM.exidx.text.decodeNewfundsreqHash_ui_runStep
                0x00000000d0000000        0x0 build/nanos/obj/decodeDH.o
                                          0x8 (size before relaxing)
 .ARM.exidx.text.decodeRecordobtMemo_ui_runStep
                0x00000000d0000000        0x0 build/nanos/obj/decodeDH.o
                                          0x8 (size before relaxing)
 .ARM.exidx.text.decodeRecordobtHash_ui_runStep
                0x00000000d0000000        0x0 build/nanos/obj/decodeDH.o
                                          0x8 (size before relaxing)
 .ARM.exidx.text.dh_init_aes_key
                0x00000000d0000000        0x0 build/nanos/obj/diffieHellman.o
                                          0x8 (size before relaxing)
 .ARM.exidx.text.dh_encode_init
                0x00000000d0000000        0x0 build/nanos/obj/diffieHellman.o
                                          0x8 (size before relaxing)
 .ARM.exidx.text.base64EncWholeBlocks
                0x00000000d0000000        0x0 build/nanos/obj/diffieHellman.o
                                          0x8 (size before relaxing)
 .ARM.exidx.text.dh_encode_append
                0x00000000d0000000        0x0 build/nanos/obj/diffieHellman.o
                                          0x8 (size before relaxing)
 .ARM.exidx.text.processDHOneBlockFromCache
                0x00000000d0000000        0x0 build/nanos/obj/diffieHellman.o
                                          0x8 (size before relaxing)
 .ARM.exidx.text.dh_encode_finalize
                0x00000000d0000000        0x0 build/nanos/obj/diffieHellman.o
                                          0x8 (size before relaxing)
 .ARM.exidx.text.base64EncBlock
                0x00000000d0000000        0x0 build/nanos/obj/diffieHellman.o
                                          0x8 (size before relaxing)
 .ARM.exidx.text.dh_decode
                0x00000000d0000000        0x0 build/nanos/obj/diffieHellman.o
                                          0x8 (size before relaxing)
 .ARM.exidx.text.validateHmac
                0x00000000d0000000        0x0 build/nanos/obj/diffieHellman.o
                                          0x8 (size before relaxing)
 .ARM.exidx.text.cx_hash
                0x00000000d0000000        0x0 build/nanos/obj/diffieHellman.o
                                          0x8 (size before relaxing)
 .ARM.exidx.text.check_canonical
                0x00000000d0000000        0x0 build/nanos/obj/eos_utils.o
                                          0x8 (size before relaxing)
 .ARM.exidx.text.ecdsa_der_to_sig
                0x00000000d0000000        0x0 build/nanos/obj/eos_utils.o
                                          0x8 (size before relaxing)
 .ARM.exidx.text.rng_rfc6979
                0x00000000d0000000        0x0 build/nanos/obj/eos_utils.o
                                          0x8 (size before relaxing)
 .ARM.exidx.text.cx_hmac_sha256_init
                0x00000000d0000000        0x0 build/nanos/obj/eos_utils.o
                                          0x8 (size before relaxing)
 .ARM.exidx.text.cx_hmac
                0x00000000d0000000        0x0 build/nanos/obj/eos_utils.o
                                          0x8 (size before relaxing)
 .ARM.exidx.text.b58enc
                0x00000000d0000000        0x0 build/nanos/obj/eos_utils.o
                                          0x8 (size before relaxing)
 .ARM.exidx.text.compressed_public_key_to_wif
                0x00000000d0000000        0x0 build/nanos/obj/eos_utils.o
                                          0x8 (size before relaxing)
 .ARM.exidx.text.public_key_to_wif
                0x00000000d0000000        0x0 build/nanos/obj/eos_utils.o
                                          0x8 (size before relaxing)
 .ARM.exidx.text.getNetworkByChainId
                0x00000000d0000000        0x0 build/nanos/obj/fio.o
                                          0x8 (size before relaxing)
 .ARM.exidx.text.name_to_string
                0x00000000d0000000        0x0 build/nanos/obj/fio.o
                                          0x8 (size before relaxing)
 .ARM.exidx.text.uint8array_name_to_string
                0x00000000d0000000        0x0 build/nanos/obj/fio.o
                                          0x8 (size before relaxing)
 .ARM.exidx.text.getPublicKey_handleAPDU
                0x00000000d0000000        0x0 build/nanos/obj/getPublicKey.o
                                          0x8 (size before relaxing)
 .ARM.exidx.text.getPublicKey_ui_runStep
                0x00000000d0000000        0x0 build/nanos/obj/getPublicKey.o
                                          0x8 (size before relaxing)
 .ARM.exidx.text.getSerial_handleAPDU
                0x00000000d0000000        0x0 build/nanos/obj/getSerial.o
                                          0x8 (size before relaxing)
 .ARM.exidx.text.getVersion_handleAPDU
                0x00000000d0000000        0x0 build/nanos/obj/getVersion.o
                                          0x8 (size before relaxing)
 .ARM.exidx.text.lookupHandler
                0x00000000d0000000        0x0 build/nanos/obj/handlers.o
                                          0x8 (size before relaxing)
 .ARM.exidx.text.encode_hex
                0x00000000d0000000        0x0 build/nanos/obj/hexUtils.o
                                          0x8 (size before relaxing)
 .ARM.exidx.text.nanos_clear_timer
                0x00000000d0000000        0x0 build/nanos/obj/io2.o
                                          0x8 (size before relaxing)
 .ARM.exidx.text.CHECK_RESPONSE_SIZE
                0x00000000d0000000        0x0 build/nanos/obj/io2.o
                                          0x8 (size before relaxing)
 .ARM.exidx.text._io_send_G_io_apdu_buffer
                0x00000000d0000000        0x0 build/nanos/obj/io2.o
                                          0x8 (size before relaxing)
 .ARM.exidx.text.io_send_buf
                0x00000000d0000000        0x0 build/nanos/obj/io2.o
                                          0x8 (size before relaxing)
 .ARM.exidx.text.io_seproxyhal_display
                0x00000000d0000000        0x0 build/nanos/obj/io2.o
                                          0x8 (size before relaxing)
 .ARM.exidx.text.io_event
                0x00000000d0000000        0x0 build/nanos/obj/io2.o
                                          0x8 (size before relaxing)
 .ARM.exidx.text.io_exchange_al
                0x00000000d0000000        0x0 build/nanos/obj/io2.o
                                          0x8 (size before relaxing)
 .ARM.exidx.text.device_is_unlocked
                0x00000000d0000000        0x0 build/nanos/obj/io2.o
                                          0x8 (size before relaxing)
 .ARM.exidx.text.derivePrivateKey
                0x00000000d0000000        0x0 build/nanos/obj/keyDerivation.o
                                          0x8 (size before relaxing)
 .ARM.exidx.text.derivePublicKey
                0x00000000d0000000        0x0 build/nanos/obj/keyDerivation.o
                                          0x8 (size before relaxing)
 .ARM.exidx.text.app_exit
                0x00000000d0000000        0x0 build/nanos/obj/main.o
                                          0x8 (size before relaxing)
 .ARM.exidx.boot
                0x00000000d0000000        0x8 build/nanos/obj/main.o
 .ARM.exidx.text.os_sched_exit_ui_callback
                0x00000000d0000008        0x0 build/nanos/obj/menu_nanos.o
                                          0x8 (size before relaxing)
 .ARM.exidx.text.os_boot
                0x00000000d0000008        0x0 build/nanos/obj/os.o
                                          0x8 (size before relaxing)
 .ARM.exidx.text.os_longjmp
                0x00000000d0000008        0x0 build/nanos/obj/os.o
                                          0x8 (size before relaxing)
 .ARM.exidx.text.io_seproxyhal_general_status
                0x00000000d0000008        0x0 build/nanos/obj/os_io_seproxyhal.o
                                          0x8 (size before relaxing)
 .ARM.exidx.text.io_seproxyhal_handle_usb_event
                0x00000000d0000008        0x0 build/nanos/obj/os_io_seproxyhal.o
                                          0x8 (size before relaxing)
 .ARM.exidx.text.io_seproxyhal_get_ep_rx_size
                0x00000000d0000008        0x0 build/nanos/obj/os_io_seproxyhal.o
                                          0x8 (size before relaxing)
 .ARM.exidx.text.io_seproxyhal_handle_usb_ep_xfer_event
                0x00000000d0000008        0x0 build/nanos/obj/os_io_seproxyhal.o
                                          0x8 (size before relaxing)
 .ARM.exidx.text.io_usb_send_ep
                0x00000000d0000008        0x0 build/nanos/obj/os_io_seproxyhal.o
                                          0x8 (size before relaxing)
 .ARM.exidx.text.io_usb_send_apdu_data
                0x00000000d0000008        0x0 build/nanos/obj/os_io_seproxyhal.o
                                          0x8 (size before relaxing)
 .ARM.exidx.text.io_usb_send_apdu_data_ep0x83
                0x00000000d0000008        0x0 build/nanos/obj/os_io_seproxyhal.o
                                          0x8 (size before relaxing)
 .ARM.exidx.text.io_seproxyhal_handle_capdu_event
                0x00000000d0000008        0x0 build/nanos/obj/os_io_seproxyhal.o
                                          0x8 (size before relaxing)
 .ARM.exidx.text.io_seproxyhal_handle_event
                0x00000000d0000008        0x0 build/nanos/obj/os_io_seproxyhal.o
                                          0x8 (size before relaxing)
 .ARM.exidx.text.io_seproxyhal_init
                0x00000000d0000008        0x0 build/nanos/obj/os_io_seproxyhal.o
                                          0x8 (size before relaxing)
 .ARM.exidx.text.io_seproxyhal_init_ux
                0x00000000d0000008        0x0 build/nanos/obj/os_io_seproxyhal.o
                                          0x8 (size before relaxing)
 .ARM.exidx.text.io_seproxyhal_init_button
                0x00000000d0000008        0x0 build/nanos/obj/os_io_seproxyhal.o
                                          0x8 (size before relaxing)
 .ARM.exidx.text.io_seproxyhal_display_icon
                0x00000000d0000008        0x0 build/nanos/obj/os_io_seproxyhal.o
                                          0x8 (size before relaxing)
 .ARM.exidx.text.io_seproxyhal_display_default
                0x00000000d0000008        0x0 build/nanos/obj/os_io_seproxyhal.o
                                          0x8 (size before relaxing)
 .ARM.exidx.text.io_seproxyhal_button_push
                0x00000000d0000008        0x0 build/nanos/obj/os_io_seproxyhal.o
                                          0x8 (size before relaxing)
 .ARM.exidx.text.io_seproxyhal_se_reset
                0x00000000d0000008        0x0 build/nanos/obj/os_io_seproxyhal.o
                                          0x8 (size before relaxing)
 .ARM.exidx.text.os_io_seproxyhal_get_app_name_and_version
                0x00000000d0000008        0x0 build/nanos/obj/os_io_seproxyhal.o
                                          0x8 (size before relaxing)
 .ARM.exidx.text.io_exchange
                0x00000000d0000008        0x0 build/nanos/obj/os_io_seproxyhal.o
                                          0x8 (size before relaxing)
 .ARM.exidx.text.os_io_seph_recv_and_process
                0x00000000d0000008        0x0 build/nanos/obj/os_io_seproxyhal.o
                                          0x8 (size before relaxing)
 .ARM.exidx.text.io_seproxyhal_io_heartbeat
                0x00000000d0000008        0x0 build/nanos/obj/os_io_seproxyhal.o
                                          0x8 (size before relaxing)
 .ARM.exidx.text.io_usb_hid_receive
                0x00000000d0000008        0x0 build/nanos/obj/os_io_usb.o
                                          0x8 (size before relaxing)
 .ARM.exidx.text.io_usb_hid_init
                0x00000000d0000008        0x0 build/nanos/obj/os_io_usb.o
                                          0x8 (size before relaxing)
 .ARM.exidx.text.io_usb_hid_sent
                0x00000000d0000008        0x0 build/nanos/obj/os_io_usb.o
                                          0x8 (size before relaxing)
 .ARM.exidx.text.io_usb_hid_send
                0x00000000d0000008        0x0 build/nanos/obj/os_io_usb.o
                                          0x8 (size before relaxing)
 .ARM.exidx.text.snprintf
                0x00000000d0000008        0x0 build/nanos/obj/os_printf.o
                                          0x8 (size before relaxing)
 .ARM.exidx.text.pic_internal
                0x00000000d0000008        0x0 build/nanos/obj/pic.o
                                          0x8 (size before relaxing)
 .ARM.exidx.text.pic
                0x00000000d0000008        0x0 build/nanos/obj/pic.o
                                          0x8 (size before relaxing)
 .ARM.exidx.text.policyForGetPublicKey
                0x00000000d0000008        0x0 build/nanos/obj/securityPolicy.o
                                          0x8 (size before relaxing)
 .ARM.exidx.text.policyForSignTxInit
                0x00000000d0000008        0x0 build/nanos/obj/securityPolicy.o
                                          0x8 (size before relaxing)
 .ARM.exidx.text.policyForSignTxDHEnd
                0x00000000d0000008        0x0 build/nanos/obj/securityPolicy.o
                                          0x8 (size before relaxing)
 .ARM.exidx.text.policyForSignTxFinish
                0x00000000d0000008        0x0 build/nanos/obj/securityPolicy.o
                                          0x8 (size before relaxing)
 .ARM.exidx.text.policyDerivePrivateKey
                0x00000000d0000008        0x0 build/nanos/obj/securityPolicy.o
                                          0x8 (size before relaxing)
 .ARM.exidx.text.policyForDecodeDHDecode
                0x00000000d0000008        0x0 build/nanos/obj/securityPolicy.o
                                          0x8 (size before relaxing)
 .ARM.exidx.text.signTx_handleInitAPDU
                0x00000000d0000008        0x0 build/nanos/obj/signTransaction.o
                                          0x8 (size before relaxing)
 .ARM.exidx.text.ENSURE_NOT_DENIED
                0x00000000d0000008        0x0 build/nanos/obj/signTransaction.o
                                          0x8 (size before relaxing)
 .ARM.exidx.text.signTx_handleAppendConstDataAPDU
                0x00000000d0000008        0x0 build/nanos/obj/signTransaction.o
                                          0x8 (size before relaxing)
 .ARM.exidx.text.signTx_handleShowMessageAPDU
                0x00000000d0000008        0x0 build/nanos/obj/signTransaction.o
                                          0x8 (size before relaxing)
 .ARM.exidx.text.signTx_handleAppendDataAPDU
                0x00000000d0000008        0x0 build/nanos/obj/signTransaction.o
                                          0x8 (size before relaxing)
 .ARM.exidx.text.signTx_handleStartCountedSectionAPDU
                0x00000000d0000008        0x0 build/nanos/obj/signTransaction.o
                                          0x8 (size before relaxing)
 .ARM.exidx.text.signTx_handleEndCountedSectionAPDU
                0x00000000d0000008        0x0 build/nanos/obj/signTransaction.o
                                          0x8 (size before relaxing)
 .ARM.exidx.text.signTx_handleStoreValueAPDU
                0x00000000d0000008        0x0 build/nanos/obj/signTransaction.o
                                          0x8 (size before relaxing)
 .ARM.exidx.text.signTx_handleStartDHEncodingAPDU
                0x00000000d0000008        0x0 build/nanos/obj/signTransaction.o
                                          0x8 (size before relaxing)
 .ARM.exidx.text.signTx_handleEndDHEncodingAPDU
                0x00000000d0000008        0x0 build/nanos/obj/signTransaction.o
                                          0x8 (size before relaxing)
 .ARM.exidx.text.signTx_handleFinishAPDU
                0x00000000d0000008        0x0 build/nanos/obj/signTransaction.o
                                          0x8 (size before relaxing)
 .ARM.exidx.text.signTransaction_handleAPDU
                0x00000000d0000008        0x0 build/nanos/obj/signTransaction.o
                                          0x8 (size before relaxing)
 .ARM.exidx.text.cx_hash
                0x00000000d0000008        0x0 build/nanos/obj/signTransaction.o
                                          0x8 (size before relaxing)
 .ARM.exidx.text.signTx_ui_runStep_simple
                0x00000000d0000008        0x0 build/nanos/obj/signTransaction.o
                                          0x8 (size before relaxing)
 .ARM.exidx.text.processShaAndPosibleDHAndPrepareResponse
                0x00000000d0000008        0x0 build/nanos/obj/signTransaction.o
                                          0x8 (size before relaxing)
 .ARM.exidx.text.signTx_handleDHStart_ui_runStep
                0x00000000d0000008        0x0 build/nanos/obj/signTransaction.o
                                          0x8 (size before relaxing)
 .ARM.exidx.text.prepareOurPubkeyForDisplay
                0x00000000d0000008        0x0 build/nanos/obj/signTransaction.o
                                          0x8 (size before relaxing)
 .ARM.exidx.text.signTx_handleDHEnd_ui_runStep
                0x00000000d0000008        0x0 build/nanos/obj/signTransaction.o
                                          0x8 (size before relaxing)
 .ARM.exidx.text.signTx_handleFinish_ui_runStep
                0x00000000d0000008        0x0 build/nanos/obj/signTransaction.o
                                          0x8 (size before relaxing)
 .ARM.exidx.text.countedSectionInit
                0x00000000d0000008        0x0 build/nanos/obj/signTransactionCountedSection.o
                                          0x8 (size before relaxing)
 .ARM.exidx.text.countedSectionBegin
                0x00000000d0000008        0x0 build/nanos/obj/signTransactionCountedSection.o
                                          0x8 (size before relaxing)
 .ARM.exidx.text.countedSectionProcess
                0x00000000d0000008        0x0 build/nanos/obj/signTransactionCountedSection.o
                                          0x8 (size before relaxing)
 .ARM.exidx.text.countedSectionEnd
                0x00000000d0000008        0x0 build/nanos/obj/signTransactionCountedSection.o
                                          0x8 (size before relaxing)
 .ARM.exidx.text.countedSectionFinalize
                0x00000000d0000008        0x0 build/nanos/obj/signTransactionCountedSection.o
                                          0x8 (size before relaxing)
 .ARM.exidx.text.integrityCheckInit
                0x00000000d0000008        0x0 build/nanos/obj/signTransactionIntegrity.o
                                          0x8 (size before relaxing)
 .ARM.exidx.text.integrityCheckProcessInstruction
                0x00000000d0000008        0x0 build/nanos/obj/signTransactionIntegrity.o
                                          0x8 (size before relaxing)
 .ARM.exidx.text._integrityCheckEvaluate
                0x00000000d0000008        0x0 build/nanos/obj/signTransactionIntegrity.o
                                          0x8 (size before relaxing)
 .ARM.exidx.text.integrityCheckEvaluate
                0x00000000d0000008        0x0 build/nanos/obj/signTransactionIntegrity.o
                                          0x8 (size before relaxing)
 .ARM.exidx.text.cx_hash
                0x00000000d0000008        0x0 build/nanos/obj/signTransactionIntegrity.o
                                          0x8 (size before relaxing)
 .ARM.exidx.text.bufferValidation
                0x00000000d0000008        0x0 build/nanos/obj/signTransactionParse.o
                                          0x8 (size before relaxing)
 .ARM.exidx.text.parseValueToUInt64
                0x00000000d0000008        0x0 build/nanos/obj/signTransactionParse.o
                                          0x8 (size before relaxing)
 .ARM.exidx.text.parseUInt64
                0x00000000d0000008        0x0 build/nanos/obj/signTransactionParse.o
                                          0x8 (size before relaxing)
 .ARM.exidx.text.validateNumber
                0x00000000d0000008        0x0 build/nanos/obj/signTransactionParse.o
                                          0x8 (size before relaxing)
 .ARM.exidx.text.parseVarUInt32
                0x00000000d0000008        0x0 build/nanos/obj/signTransactionParse.o
                                          0x8 (size before relaxing)
 .ARM.exidx.text.parseValueToDisplay
                0x00000000d0000008        0x0 build/nanos/obj/signTransactionParse.o
                                          0x8 (size before relaxing)
 .ARM.exidx.text.displayNumber
                0x00000000d0000008        0x0 build/nanos/obj/signTransactionParse.o
                                          0x8 (size before relaxing)
 .ARM.exidx.text.getNumberFromVarUInt
                0x00000000d0000008        0x0 build/nanos/obj/signTransactionParse.o
                                          0x8 (size before relaxing)
 .ARM.exidx.text.get_api_level
                0x00000000d0000008        0x0 build/nanos/obj/syscalls.o
                                          0x8 (size before relaxing)
 .ARM.exidx.text.halt
                0x00000000d0000008        0x0 build/nanos/obj/syscalls.o
                                          0x8 (size before relaxing)
 .ARM.exidx.text.os_perso_isonboarded
                0x00000000d0000008        0x0 build/nanos/obj/syscalls.o
                                          0x8 (size before relaxing)
 .ARM.exidx.text.os_perso_derive_node_bip32
                0x00000000d0000008        0x0 build/nanos/obj/syscalls.o
                                          0x8 (size before relaxing)
 .ARM.exidx.text.os_perso_seed_cookie
                0x00000000d0000008        0x0 build/nanos/obj/syscalls.o
                                          0x8 (size before relaxing)
 .ARM.exidx.text.os_global_pin_is_validated
                0x00000000d0000008        0x0 build/nanos/obj/syscalls.o
                                          0x8 (size before relaxing)
 .ARM.exidx.text.os_ux
                0x00000000d0000008        0x0 build/nanos/obj/syscalls.o
                                          0x8 (size before relaxing)
 .ARM.exidx.text.os_flags
                0x00000000d0000008        0x0 build/nanos/obj/syscalls.o
                                          0x8 (size before relaxing)
 .ARM.exidx.text.os_serial
                0x00000000d0000008        0x0 build/nanos/obj/syscalls.o
                                          0x8 (size before relaxing)
 .ARM.exidx.text.os_registry_get_current_app_tag
                0x00000000d0000008        0x0 build/nanos/obj/syscalls.o
                                          0x8 (size before relaxing)
 .ARM.exidx.text.os_sched_exit
                0x00000000d0000008        0x0 build/nanos/obj/syscalls.o
                                          0x8 (size before relaxing)
 .ARM.exidx.text.io_seph_send
                0x00000000d0000008        0x0 build/nanos/obj/syscalls.o
                                          0x8 (size before relaxing)
 .ARM.exidx.text.io_seph_is_status_sent
                0x00000000d0000008        0x0 build/nanos/obj/syscalls.o
                                          0x8 (size before relaxing)
 .ARM.exidx.text.io_seph_recv
                0x00000000d0000008        0x0 build/nanos/obj/syscalls.o
                                          0x8 (size before relaxing)
 .ARM.exidx.text.try_context_get
                0x00000000d0000008        0x0 build/nanos/obj/syscalls.o
                                          0x8 (size before relaxing)
 .ARM.exidx.text.try_context_set
                0x00000000d0000008        0x0 build/nanos/obj/syscalls.o
                                          0x8 (size before relaxing)
 .ARM.exidx.text.os_sched_last_status
                0x00000000d0000008        0x0 build/nanos/obj/syscalls.o
                                          0x8 (size before relaxing)
 .ARM.exidx.text.str_formatFIOAmount
                0x00000000d0000008        0x0 build/nanos/obj/textUtils.o
                                          0x8 (size before relaxing)
 .ARM.exidx.text.str_formatUint64
                0x00000000d0000008        0x0 build/nanos/obj/textUtils.o
                                          0x8 (size before relaxing)
 .ARM.exidx.text.str_validateTextBuffer
                0x00000000d0000008        0x0 build/nanos/obj/textUtils.o
                                          0x8 (size before relaxing)
 .ARM.exidx.text.assert_uiPaginatedText_magic
                0x00000000d0000008        0x0 build/nanos/obj/uiHelpers.o
                                          0x8 (size before relaxing)
 .ARM.exidx.text.assert_uiPrompt_magic
                0x00000000d0000008        0x0 build/nanos/obj/uiHelpers.o
                                          0x8 (size before relaxing)
 .ARM.exidx.text.uiCallback_confirm
                0x00000000d0000008        0x0 build/nanos/obj/uiHelpers.o